COAL Market Sales Price.csv
period,stateRegionId,stateRegionDescription,marketTypeId,marketTypeDescription,price,sales,price-units,sales-units
2024,AK,Alaska,TOT,Total,69.49,1038389,dollars per short ton,short tons
2023,AK,Alaska,TOT,Total,68.74,1006436,dollars per short ton,short tons
2022,AK,Alaska,TOT,Total,67.08,1021362,dollars per short ton,short tons
2021,AK,Alaska,TOT,Total,60.32,1023740,dollars per short ton,short tons
2020,AK,Alaska,TOT,Total,58.32,1042289,dollars per short ton,short tons
2019,AK,Alaska,TOT,Total,58.57,999622,dollars per short ton,short tons
2018,AK,Alaska,TOT,Total,58.56,911600,dollars per short ton,short tons
2017,AK,Alaska,TOT,Total,58.84,873463,dollars per short ton,short tons
2016,AK,Alaska,TOT,Total,55.13,972086,dollars per short ton,short tons
2015,AK,Alaska,TOT,Total,53.21,1161568,dollars per short ton,short tons
2014,AK,Alaska,TOT,Total,46.37,1507782,dollars per short ton,short tons
2013,AK,Alaska,TOT,Total,45.75,1623137,dollars per short ton,short tons
2012,AK,Alaska,TOT,Total,48.57,1051044,dollars per short ton,short tons
2011,AK,Alaska,TOT,Total,w,w,dollars per short ton,short tons
2010,AK,Alaska,TOT,Total,w,w,dollars per short ton,short tons
2009,AK,Alaska,TOT,Total,w,w,dollars per short ton,short tons
2008,AK,Alaska,TOT,Total,w,w,dollars per short ton,short tons
2007,AK,Alaska,TOT,Total,w,w,dollars per short ton,short tons
2006,AK,Alaska,TOT,Total,w,w,dollars per short ton,short tons
2005,AK,Alaska,TOT,Total,w,w,dollars per short ton,short tons
2004,AK,Alaska,TOT,Total,w,w,dollars per short ton,short tons
2003,AK,Alaska,TOT,Total,w,w,dollars per short ton,short tons
2002,AK,Alaska,TOT,Total,w,w,dollars per short ton,short tons
2001,AK,Alaska,TOT,Total,w,w,dollars per short ton,short tons
2024,AL,Alabama,TOT,Total,180.91,15096134,dollars per short ton,short tons
2023,AL,Alabama,TOT,Total,201.95,13139499,dollars per short ton,short tons
2022,AL,Alabama,TOT,Total,269,10390319,dollars per short ton,short tons
2021,AL,Alabama,TOT,Total,150.54,10178986,dollars per short ton,short tons
2020,AL,Alabama,TOT,Total,98.01,12596301,dollars per short ton,short tons
2019,AL,Alabama,TOT,Total,137.26,14634943,dollars per short ton,short tons
2018,AL,Alabama,TOT,Total,154.35,14505210,dollars per short ton,short tons
2017,AL,Alabama,TOT,Total,146.2,12964122,dollars per short ton,short tons
2016,AL,Alabama,TOT,Total,91.86,9409997,dollars per short ton,short tons
2015,AL,Alabama,TOT,Total,84.05,13660170,dollars per short ton,short tons
2014,AL,Alabama,TOT,Total,87.17,17359436,dollars per short ton,short tons
2013,AL,Alabama,TOT,Total,88.2,17833295,dollars per short ton,short tons
2012,AL,Alabama,TOT,Total,85.06,8687990,dollars per short ton,short tons
2011,AL,Alabama,TOT,Total,77.51,17341549,dollars per short ton,short tons
2010,AL,Alabama,TOT,Total,w,20224621,dollars per short ton,short tons
2009,AL,Alabama,TOT,Total,w,18767955,dollars per short ton,short tons
2008,AL,Alabama,TOT,Total,71.31,20106836,dollars per short ton,short tons
2007,AL,Alabama,TOT,Total,55.56,19350451,dollars per short ton,short tons
2006,AL,Alabama,TOT,Total,48.39,18677726,dollars per short ton,short tons
2005,AL,Alabama,TOT,Total,53.63,22155750,dollars per short ton,short tons
2004,AL,Alabama,TOT,Total,41.73,21435944,dollars per short ton,short tons
2003,AL,Alabama,TOT,Total,33.75,20563439,dollars per short ton,short tons
2002,AL,Alabama,TOT,Total,w,18924050,dollars per short ton,short tons
2001,AL,Alabama,TOT,Total,w,19307102,dollars per short ton,short tons
2024,APC,Appalachia Central,TOT,Total,124.82,58559081,dollars per short ton,short tons
2023,APC,Appalachia Central,TOT,Total,149.1,60029396,dollars per short ton,short tons
2022,APC,Appalachia Central,TOT,Total,174.23,58911543,dollars per short ton,short tons
2021,APC,Appalachia Central,TOT,Total,99.51,54941733,dollars per short ton,short tons
2020,APC,Appalachia Central,TOT,Total,73.56,48256115,dollars per short ton,short tons
2019,APC,Appalachia Central,TOT,Total,87.55,69609081,dollars per short ton,short tons
2018,APC,Appalachia Central,TOT,Total,85.9,79051972,dollars per short ton,short tons
2017,APC,Appalachia Central,TOT,Total,78.66,75998563,dollars per short ton,short tons
2016,APC,Appalachia Central,TOT,Total,59.45,66788528,dollars per short ton,short tons
2015,APC,Appalachia Central,TOT,Total,63.88,85458784,dollars per short ton,short tons
2014,APC,Appalachia Central,TOT,Total,70.49,113292309,dollars per short ton,short tons
2013,APC,Appalachia Central,TOT,Total,81.99,127192864,dollars per short ton,short tons
2012,APC,Appalachia Central,TOT,Total,83.65,111538166,dollars per short ton,short tons
2011,APC,Appalachia Central,TOT,Total,81,145773630,dollars per short ton,short tons
2010,APC,Appalachia Central,TOT,Total,77.21,184224977,dollars per short ton,short tons
2009,APC,Appalachia Central,TOT,Total,68.76,193186484,dollars per short ton,short tons
2008,APC,Appalachia Central,TOT,Total,63.97,233319002,dollars per short ton,short tons
2007,APC,Appalachia Central,TOT,Total,50.21,228204518,dollars per short ton,short tons
2006,APC,Appalachia Central,TOT,Total,49.32,234357811,dollars per short ton,short tons
2005,APC,Appalachia Central,TOT,Total,45.13,235207478,dollars per short ton,short tons
2004,APC,Appalachia Central,TOT,Total,36.88,231631594,dollars per short ton,short tons
2003,APC,Appalachia Central,TOT,Total,30.45,231417569,dollars per short ton,short tons
2002,APC,Appalachia Central,TOT,Total,30.22,246650099,dollars per short ton,short tons
2001,APC,Appalachia Central,TOT,Total,28.13,267980266,dollars per short ton,short tons
2024,APN,Appalachia Northern,TOT,Total,79.88,83858253,dollars per short ton,short tons
2023,APN,Appalachia Northern,TOT,Total,89.88,88805510,dollars per short ton,short tons
2022,APN,Appalachia Northern,TOT,Total,88.28,89895541,dollars per short ton,short tons
2021,APN,Appalachia Northern,TOT,Total,57.98,90976735,dollars per short ton,short tons
2020,APN,Appalachia Northern,TOT,Total,49.72,78483351,dollars per short ton,short tons
2019,APN,Appalachia Northern,TOT,Total,55.22,104846680,dollars per short ton,short tons
2018,APN,Appalachia Northern,TOT,Total,56.74,107187893,dollars per short ton,short tons
2017,APN,Appalachia Northern,TOT,Total,53.5,106367000,dollars per short ton,short tons
2016,APN,Appalachia Northern,TOT,Total,49.58,104901954,dollars per short ton,short tons
2015,APN,Appalachia Northern,TOT,Total,55.04,113124806,dollars per short ton,short tons
2014,APN,Appalachia Northern,TOT,Total,58.68,132106919,dollars per short ton,short tons
2013,APN,Appalachia Northern,TOT,Total,60.97,122679278,dollars per short ton,short tons
2012,APN,Appalachia Northern,TOT,Total,60.13,107150973,dollars per short ton,short tons
2011,APN,Appalachia Northern,TOT,Total,57.8,111161399,dollars per short ton,short tons
2010,APN,Appalachia Northern,TOT,Total,55.67,131781137,dollars per short ton,short tons
2009,APN,Appalachia Northern,TOT,Total,51.7,124290759,dollars per short ton,short tons
2008,APN,Appalachia Northern,TOT,Total,46.77,136830135,dollars per short ton,short tons
2007,APN,Appalachia Northern,TOT,Total,37.5,133341082,dollars per short ton,short tons
2006,APN,Appalachia Northern,TOT,Total,35.74,135230538,dollars per short ton,short tons
2005,APN,Appalachia Northern,TOT,Total,34,140054097,dollars per short ton,short tons
2004,APN,Appalachia Northern,TOT,Total,28.97,133772286,dollars per short ton,short tons
2003,APN,Appalachia Northern,TOT,Total,25.62,126085895,dollars per short ton,short tons
2002,APN,Appalachia Northern,TOT,Total,24.84,128068588,dollars per short ton,short tons
2001,APN,Appalachia Northern,TOT,Total,25.47,141546838,dollars per short ton,short tons
2024,APP,Appalachia Total,TOT,Total,106.27,157513468,dollars per short ton,short tons
2023,APP,Appalachia Total,TOT,Total,120.92,161974405,dollars per short ton,short tons
2022,APP,Appalachia Total,TOT,Total,131.88,159197403,dollars per short ton,short tons
2021,APP,Appalachia Total,TOT,Total,78.63,156097454,dollars per short ton,short tons
2020,APP,Appalachia Total,TOT,Total,62.34,139335767,dollars per short ton,short tons
2019,APP,Appalachia Total,TOT,Total,73.47,189090704,dollars per short ton,short tons
2018,APP,Appalachia Total,TOT,Total,75.28,200745075,dollars per short ton,short tons
2017,APP,Appalachia Total,TOT,Total,69.44,195329685,dollars per short ton,short tons
2016,APP,Appalachia Total,TOT,Total,55.42,181100479,dollars per short ton,short tons
2015,APP,Appalachia Total,TOT,Total,60.47,212243760,dollars per short ton,short tons
2014,APP,Appalachia Total,TOT,Total,65.65,262758664,dollars per short ton,short tons
2013,APP,Appalachia Total,TOT,Total,72.77,267705437,dollars per short ton,short tons
2012,APP,Appalachia Total,TOT,Total,72.62,227377129,dollars per short ton,short tons
2011,APP,Appalachia Total,TOT,Total,71.38,274276578,dollars per short ton,short tons
2010,APP,Appalachia Total,TOT,Total,69.3,336230735,dollars per short ton,short tons
2009,APP,Appalachia Total,TOT,Total,62.86,336245198,dollars per short ton,short tons
2008,APP,Appalachia Total,TOT,Total,58.31,390255973,dollars per short ton,short tons
2007,APP,Appalachia Total,TOT,Total,46.04,380896051,dollars per short ton,short tons
2006,APP,Appalachia Total,TOT,Total,44.54,388266075,dollars per short ton,short tons
2005,APP,Appalachia Total,TOT,Total,41.68,397417325,dollars per short ton,short tons
2004,APP,Appalachia Total,TOT,Total,34.42,386839824,dollars per short ton,short tons
2003,APP,Appalachia Total,TOT,Total,29.02,378066903,dollars per short ton,short tons
2002,APP,Appalachia Total,TOT,Total,28.68,393642737,dollars per short ton,short tons
2001,APP,Appalachia Total,TOT,Total,27.54,428834206,dollars per short ton,short tons
2024,APS,Appalachia Southern,TOT,Total,180.91,15096134,dollars per short ton,short tons
2023,APS,Appalachia Southern,TOT,Total,201.95,13139499,dollars per short ton,short tons
2022,APS,Appalachia Southern,TOT,Total,269,10390319,dollars per short ton,short tons
2021,APS,Appalachia Southern,TOT,Total,150.54,10178986,dollars per short ton,short tons
2020,APS,Appalachia Southern,TOT,Total,98.01,12596301,dollars per short ton,short tons
2019,APS,Appalachia Southern,TOT,Total,137.26,14634943,dollars per short ton,short tons
2018,APS,Appalachia Southern,TOT,Total,154.35,14505210,dollars per short ton,short tons
2017,APS,Appalachia Southern,TOT,Total,146.2,12964122,dollars per short ton,short tons
2016,APS,Appalachia Southern,TOT,Total,91.86,9409997,dollars per short ton,short tons
2015,APS,Appalachia Southern,TOT,Total,84.05,13660170,dollars per short ton,short tons
2014,APS,Appalachia Southern,TOT,Total,87.17,17359436,dollars per short ton,short tons
2013,APS,Appalachia Southern,TOT,Total,88.2,17833295,dollars per short ton,short tons
2012,APS,Appalachia Southern,TOT,Total,85.06,8687990,dollars per short ton,short tons
2011,APS,Appalachia Southern,TOT,Total,77.51,17341549,dollars per short ton,short tons
2010,APS,Appalachia Southern,TOT,Total,86.15,20224621,dollars per short ton,short tons
2009,APS,Appalachia Southern,TOT,Total,76.1,18767955,dollars per short ton,short tons
2008,APS,Appalachia Southern,TOT,Total,71.31,20106836,dollars per short ton,short tons
2007,APS,Appalachia Southern,TOT,Total,55.56,19350451,dollars per short ton,short tons
2006,APS,Appalachia Southern,TOT,Total,48.39,18677726,dollars per short ton,short tons
2005,APS,Appalachia Southern,TOT,Total,53.63,22155750,dollars per short ton,short tons
2004,APS,Appalachia Southern,TOT,Total,41.73,21435944,dollars per short ton,short tons
2003,APS,Appalachia Southern,TOT,Total,33.75,20563439,dollars per short ton,short tons
2002,APS,Appalachia Southern,TOT,Total,34.65,18924050,dollars per short ton,short tons
2001,APS,Appalachia Southern,TOT,Total,34.64,19307102,dollars per short ton,short tons
2024,CO,Colorado,TOT,Total,64.37,12565390,dollars per short ton,short tons
2023,CO,Colorado,TOT,Total,59.12,12616804,dollars per short ton,short tons
2022,CO,Colorado,TOT,Total,65,12831959,dollars per short ton,short tons
2021,CO,Colorado,TOT,Total,46.02,11492102,dollars per short ton,short tons
2020,CO,Colorado,TOT,Total,41.45,10390282,dollars per short ton,short tons
2019,CO,Colorado,TOT,Total,44.21,12674108,dollars per short ton,short tons
2018,CO,Colorado,TOT,Total,43.3,13683904,dollars per short ton,short tons
2017,CO,Colorado,TOT,Total,42.52,14703312,dollars per short ton,short tons
2016,CO,Colorado,TOT,Total,42.54,13673088,dollars per short ton,short tons
2015,CO,Colorado,TOT,Total,36.12,19254256,dollars per short ton,short tons
2014,CO,Colorado,TOT,Total,38.64,24535622,dollars per short ton,short tons
2013,CO,Colorado,TOT,Total,37.58,23523798,dollars per short ton,short tons
2012,CO,Colorado,TOT,Total,39.35,25387930,dollars per short ton,short tons
2011,CO,Colorado,TOT,Total,40.03,24620234,dollars per short ton,short tons
2010,CO,Colorado,TOT,Total,40,24909910,dollars per short ton,short tons
2009,CO,Colorado,TOT,Total,36.71,27570390,dollars per short ton,short tons
2008,CO,Colorado,TOT,Total,32.67,33463118,dollars per short ton,short tons
2007,CO,Colorado,TOT,Total,w,35961034,dollars per short ton,short tons
2006,CO,Colorado,TOT,Total,w,36137979,dollars per short ton,short tons
2005,CO,Colorado,TOT,Total,w,39625030,dollars per short ton,short tons
2004,CO,Colorado,TOT,Total,w,39431840,dollars per short ton,short tons
2003,CO,Colorado,TOT,Total,w,36067987,dollars per short ton,short tons
2002,CO,Colorado,TOT,Total,w,35040709,dollars per short ton,short tons
2001,CO,Colorado,TOT,Total,w,33201756,dollars per short ton,short tons
2024,EMR,East of Mississippi River,TOT,Total,88.82,228912750,dollars per short ton,short tons
2023,EMR,East of Mississippi River,TOT,Total,98.48,240506372,dollars per short ton,short tons
2022,EMR,East of Mississippi River,TOT,Total,102.51,239538228,dollars per short ton,short tons
2021,EMR,East of Mississippi River,TOT,Total,64.77,233127524,dollars per short ton,short tons
2020,EMR,East of Mississippi River,TOT,Total,52.47,210287969,dollars per short ton,short tons
2019,EMR,East of Mississippi River,TOT,Total,61.55,288981800,dollars per short ton,short tons
2018,EMR,East of Mississippi River,TOT,Total,62.94,310336746,dollars per short ton,short tons
2017,EMR,East of Mississippi River,TOT,Total,59.21,301151788,dollars per short ton,short tons
2016,EMR,East of Mississippi River,TOT,Total,50.65,286068726,dollars per short ton,short tons
2015,EMR,East of Mississippi River,TOT,Total,54.38,339682326,dollars per short ton,short tons
2014,EMR,East of Mississippi River,TOT,Total,59.53,399771624,dollars per short ton,short tons
2013,EMR,East of Mississippi River,TOT,Total,64.51,402959299,dollars per short ton,short tons
2012,EMR,East of Mississippi River,TOT,Total,64.93,339614915,dollars per short ton,short tons
2011,EMR,East of Mississippi River,TOT,Total,64.15,387777103,dollars per short ton,short tons
2010,EMR,East of Mississippi River,TOT,Total,63.2,445204601,dollars per short ton,short tons
2009,EMR,East of Mississippi River,TOT,Total,57.72,439852701,dollars per short ton,short tons
2008,EMR,East of Mississippi River,TOT,Total,53.73,493000162,dollars per short ton,short tons
2007,EMR,East of Mississippi River,TOT,Total,42.97,482278373,dollars per short ton,short tons
2006,EMR,East of Mississippi River,TOT,Total,41.56,485512630,dollars per short ton,short tons
2005,EMR,East of Mississippi River,TOT,Total,38.77,494010408,dollars per short ton,short tons
2004,EMR,East of Mississippi River,TOT,Total,32.35,481204936,dollars per short ton,short tons
2003,EMR,East of Mississippi River,TOT,Total,27.76,469784779,dollars per short ton,short tons
2002,EMR,East of Mississippi River,TOT,Total,27.49,489636211,dollars per short ton,short tons
2001,EMR,East of Mississippi River,TOT,Total,26.51,524692275,dollars per short ton,short tons
2024,ENC,East North Central,TOT,Total,49.08,57137048,dollars per short ton,short tons
2023,ENC,East North Central,TOT,Total,52.94,61690930,dollars per short ton,short tons
2022,ENC,East North Central,TOT,Total,44.22,63354581,dollars per short ton,short tons
2021,ENC,East North Central,TOT,Total,35.52,60423157,dollars per short ton,short tons
2020,ENC,East North Central,TOT,Total,31.11,55619592,dollars per short ton,short tons
2019,ENC,East North Central,TOT,Total,38.58,83310617,dollars per short ton,short tons
2018,ENC,East North Central,TOT,Total,40.17,94195061,dollars per short ton,short tons
2017,ENC,East North Central,TOT,Total,39.9,88637293,dollars per short ton,short tons
2016,ENC,East North Central,TOT,Total,41.8,87233469,dollars per short ton,short tons
2015,ENC,East North Central,TOT,Total,43.57,108319777,dollars per short ton,short tons
2014,ENC,East North Central,TOT,Total,48,116510647,dollars per short ton,short tons
2013,ENC,East North Central,TOT,Total,48.87,116568364,dollars per short ton,short tons
2012,ENC,East North Central,TOT,Total,50.06,96512603,dollars per short ton,short tons
2011,ENC,East North Central,TOT,Total,47.68,97792958,dollars per short ton,short tons
2010,ENC,East North Central,TOT,Total,45.34,95019375,dollars per short ton,short tons
2009,ENC,East North Central,TOT,Total,43.49,94945858,dollars per short ton,short tons
2008,ENC,East North Central,TOT,Total,38.54,95647928,dollars per short ton,short tons
2007,ENC,East North Central,TOT,Total,30.89,92950412,dollars per short ton,short tons
2006,ENC,East North Central,TOT,Total,29.57,88739903,dollars per short ton,short tons
2005,ENC,East North Central,TOT,Total,27.05,90367236,dollars per short ton,short tons
2004,ENC,East North Central,TOT,Total,24.2,89703219,dollars per short ton,short tons
2003,ENC,East North Central,TOT,Total,22.89,88754970,dollars per short ton,short tons
2002,ENC,East North Central,TOT,Total,22.7,89307177,dollars per short ton,short tons
2001,ENC,East North Central,TOT,Total,24.11,96311795,dollars per short ton,short tons
