COAL Market Sales Price.csv
period,stateRegionId,stateRegionDescription,marketTypeId,marketTypeDescription,price,sales,price-units,sales-units
2024,ESC,East South Central,TOT,Total,111.4,40895278,dollars per short ton,short tons
2023,ESC,East South Central,TOT,Total,111.61,43282846,dollars per short ton,short tons
2022,ESC,East South Central,TOT,Total,121.44,42238917,dollars per short ton,short tons
2021,ESC,East South Central,TOT,Total,77.52,39786309,dollars per short ton,short tons
2020,ESC,East South Central,TOT,Total,63.12,40035318,dollars per short ton,short tons
2019,ESC,East South Central,TOT,Total,74.5,52431411,dollars per short ton,short tons
2018,ESC,East South Central,TOT,Total,79.8,56504359,dollars per short ton,short tons
2017,ESC,East South Central,TOT,Total,71.64,57628942,dollars per short ton,short tons
2016,ESC,East South Central,TOT,Total,56.05,56847871,dollars per short ton,short tons
2015,ESC,East South Central,TOT,Total,59.05,77522848,dollars per short ton,short tons
2014,ESC,East South Central,TOT,Total,62.22,95348640,dollars per short ton,short tons
2013,ESC,East South Central,TOT,Total,63.66,101467821,dollars per short ton,short tons
2012,ESC,East South Central,TOT,Total,63.65,96287030,dollars per short ton,short tons
2011,ESC,East South Central,TOT,Total,64.35,125470516,dollars per short ton,short tons
2010,ESC,East South Central,TOT,Total,63.74,130143899,dollars per short ton,short tons
2009,ESC,East South Central,TOT,Total,60.08,129269150,dollars per short ton,short tons
2008,ESC,East South Central,TOT,Total,53.35,145354473,dollars per short ton,short tons
2007,ESC,East South Central,TOT,Total,44.59,142655421,dollars per short ton,short tons
2006,ESC,East South Central,TOT,Total,42.83,143276421,dollars per short ton,short tons
2005,ESC,East South Central,TOT,Total,41.18,148087159,dollars per short ton,short tons
2004,ESC,East South Central,TOT,Total,33.58,142167743,dollars per short ton,short tons
2003,ESC,East South Central,TOT,Total,28.6,139844342,dollars per short ton,short tons
2002,ESC,East South Central,TOT,Total,28.36,148900608,dollars per short ton,short tons
2001,ESC,East South Central,TOT,Total,27.73,156407326,dollars per short ton,short tons
2024,EST,East Total,TOT,Total,95.64,49379355,dollars per short ton,short tons
2023,EST,East Total,TOT,Total,107.32,52128531,dollars per short ton,short tons
2022,EST,East Total,TOT,Total,119.89,49784475,dollars per short ton,short tons
2021,EST,East Total,TOT,Total,70.26,52448945,dollars per short ton,short tons
2020,EST,East Total,TOT,Total,56.55,46000324,dollars per short ton,short tons
2019,EST,East Total,TOT,Total,64.82,61013887,dollars per short ton,short tons
2018,EST,East Total,TOT,Total,67.24,62319571,dollars per short ton,short tons
2017,EST,East Total,TOT,Total,62.29,61672321,dollars per short ton,short tons
2016,EST,East Total,TOT,Total,50.64,58542082,dollars per short ton,short tons
2015,EST,East Total,TOT,Total,58.89,63391215,dollars per short ton,short tons
2014,EST,East Total,TOT,Total,65.17,74905514,dollars per short ton,short tons
2013,EST,East Total,TOT,Total,74.33,70604432,dollars per short ton,short tons
2012,EST,East Total,TOT,Total,75.64,52550245,dollars per short ton,short tons
2011,EST,East Total,TOT,Total,75.19,56782732,dollars per short ton,short tons
2010,EST,East Total,TOT,Total,72.26,81869700,dollars per short ton,short tons
2009,EST,East Total,TOT,Total,61.2,79144829,dollars per short ton,short tons
2008,EST,East Total,TOT,Total,59.53,90345935,dollars per short ton,short tons
2007,EST,East Total,TOT,Total,44.33,91327318,dollars per short ton,short tons
2006,EST,East Total,TOT,Total,43.06,95642562,dollars per short ton,short tons
2005,EST,East Total,TOT,Total,40.28,95981149,dollars per short ton,short tons
2004,EST,East Total,TOT,Total,33.54,96644261,dollars per short ton,short tons
2003,EST,East Total,TOT,Total,28,95915846,dollars per short ton,short tons
2002,EST,East Total,TOT,Total,27.32,97767813,dollars per short ton,short tons
2001,EST,East Total,TOT,Total,26.07,105855577,dollars per short ton,short tons
2024,IL,Illinois,TOT,Total,41.08,34479206,dollars per short ton,short tons
2023,IL,Illinois,TOT,Total,48.06,36487107,dollars per short ton,short tons
2022,IL,Illinois,TOT,Total,35.96,37642541,dollars per short ton,short tons
2021,IL,Illinois,TOT,Total,31.15,37894589,dollars per short ton,short tons
2020,IL,Illinois,TOT,Total,23.86,30888749,dollars per short ton,short tons
2019,IL,Illinois,TOT,Total,36.84,44864413,dollars per short ton,short tons
2018,IL,Illinois,TOT,Total,39.29,49563928,dollars per short ton,short tons
2017,IL,Illinois,TOT,Total,37.93,48154997,dollars per short ton,short tons
2016,IL,Illinois,TOT,Total,39.2,45209469,dollars per short ton,short tons
2015,IL,Illinois,TOT,Total,40.77,57040447,dollars per short ton,short tons
2014,IL,Illinois,TOT,Total,47.11,55841804,dollars per short ton,short tons
2013,IL,Illinois,TOT,Total,47.82,52765269,dollars per short ton,short tons
2012,IL,Illinois,TOT,Total,49.88,34364073,dollars per short ton,short tons
2011,IL,Illinois,TOT,Total,w,33517865,dollars per short ton,short tons
2010,IL,Illinois,TOT,Total,w,33256926,dollars per short ton,short tons
2009,IL,Illinois,TOT,Total,w,32560888,dollars per short ton,short tons
2008,IL,Illinois,TOT,Total,40.3,32848062,dollars per short ton,short tons
2007,IL,Illinois,TOT,Total,w,33036896,dollars per short ton,short tons
2006,IL,Illinois,TOT,Total,31.64,31843533,dollars per short ton,short tons
2005,IL,Illinois,TOT,Total,28.97,31924520,dollars per short ton,short tons
2004,IL,Illinois,TOT,Total,25.72,32181337,dollars per short ton,short tons
2003,IL,Illinois,TOT,Total,w,31315032,dollars per short ton,short tons
2002,IL,Illinois,TOT,Total,w,33033983,dollars per short ton,short tons
2001,IL,Illinois,TOT,Total,23.52,34055827,dollars per short ton,short tons
2024,ILL,Illinois Basin,TOT,Total,50.88,69477377,dollars per short ton,short tons
2023,ILL,Illinois Basin,TOT,Total,53.09,75601168,dollars per short ton,short tons
2022,ILL,Illinois Basin,TOT,Total,44.94,77126181,dollars per short ton,short tons
2021,ILL,Illinois Basin,TOT,Total,37.06,74005462,dollars per short ton,short tons
2020,ILL,Illinois Basin,TOT,Total,33.27,68413767,dollars per short ton,short tons
2019,ILL,Illinois Basin,TOT,Total,39.36,97329557,dollars per short ton,short tons
2018,ILL,Illinois Basin,TOT,Total,40.73,106595053,dollars per short ton,short tons
2017,ILL,Illinois Basin,TOT,Total,40.83,102977160,dollars per short ton,short tons
2016,ILL,Illinois Basin,TOT,Total,43.07,101625562,dollars per short ton,short tons
2015,ILL,Illinois Basin,TOT,Total,44.7,124172212,dollars per short ton,short tons
2014,ILL,Illinois Basin,TOT,Total,48.21,134385299,dollars per short ton,short tons
2013,ILL,Illinois Basin,TOT,Total,48.72,132084765,dollars per short ton,short tons
2012,ILL,Illinois Basin,TOT,Total,50.09,109172474,dollars per short ton,short tons
2011,ILL,Illinois Basin,TOT,Total,47.29,110792203,dollars per short ton,short tons
2010,ILL,Illinois Basin,TOT,Total,45.19,105377071,dollars per short ton,short tons
2009,ILL,Illinois Basin,TOT,Total,41.84,99860124,dollars per short ton,short tons
2008,ILL,Illinois Basin,TOT,Total,36.88,99722089,dollars per short ton,short tons
2007,ILL,Illinois Basin,TOT,Total,31.91,97993891,dollars per short ton,short tons
2006,ILL,Illinois Basin,TOT,Total,30.13,93653449,dollars per short ton,short tons
2005,ILL,Illinois Basin,TOT,Total,27.2,92990281,dollars per short ton,short tons
2004,ILL,Illinois Basin,TOT,Total,24.23,90793094,dollars per short ton,short tons
2003,ILL,Illinois Basin,TOT,Total,22.93,87978523,dollars per short ton,short tons
2002,ILL,Illinois Basin,TOT,Total,22.88,93087630,dollars per short ton,short tons
2001,ILL,Illinois Basin,TOT,Total,21.94,95382647,dollars per short ton,short tons
2024,IN,Indiana,TOT,Total,60.96,20930337,dollars per short ton,short tons
2023,IN,Indiana,TOT,Total,59.51,23287989,dollars per short ton,short tons
2022,IN,Indiana,TOT,Total,56.67,23219972,dollars per short ton,short tons
2021,IN,Indiana,TOT,Total,43.52,19770249,dollars per short ton,short tons
2020,IN,Indiana,TOT,Total,40.49,20871586,dollars per short ton,short tons
2019,IN,Indiana,TOT,Total,40.8,30888524,dollars per short ton,short tons
2018,IN,Indiana,TOT,Total,40.85,34872452,dollars per short ton,short tons
2017,IN,Indiana,TOT,Total,42.23,31291996,dollars per short ton,short tons
2016,IN,Indiana,TOT,Total,44.55,29446564,dollars per short ton,short tons
2015,IN,Indiana,TOT,Total,46.12,34744033,dollars per short ton,short tons
2014,IN,Indiana,TOT,Total,48.41,38500768,dollars per short ton,short tons
2013,IN,Indiana,TOT,Total,50.44,38746435,dollars per short ton,short tons
2012,IN,Indiana,TOT,Total,51.93,35531095,dollars per short ton,short tons
2011,IN,Indiana,TOT,Total,47.92,37187116,dollars per short ton,short tons
2010,IN,Indiana,TOT,Total,43.03,34432932,dollars per short ton,short tons
2009,IN,Indiana,TOT,Total,38.7,36196448,dollars per short ton,short tons
2008,IN,Indiana,TOT,Total,34.95,36831389,dollars per short ton,short tons
2007,IN,Indiana,TOT,Total,29.81,36783121,dollars per short ton,short tons
2006,IN,Indiana,TOT,Total,29.12,34683379,dollars per short ton,short tons
2005,IN,Indiana,TOT,Total,25.56,34613313,dollars per short ton,short tons
2004,IN,Indiana,TOT,Total,23.24,34983121,dollars per short ton,short tons
2003,IN,Indiana,TOT,Total,22.35,35269051,dollars per short ton,short tons
2002,IN,Indiana,TOT,Total,w,35379570,dollars per short ton,short tons
2001,IN,Indiana,TOT,Total,w,36591865,dollars per short ton,short tons
2024,INO,Other Interior,TOT,Total,21.71,14704635,dollars per short ton,short tons
2023,INO,Other Interior,TOT,Total,21.12,17450262,dollars per short ton,short tons
2022,INO,Other Interior,TOT,Total,23.51,20029419,dollars per short ton,short tons
2021,INO,Other Interior,TOT,Total,21.55,20973274,dollars per short ton,short tons
2020,INO,Other Interior,TOT,Total,26.19,23718314,dollars per short ton,short tons
2019,INO,Other Interior,TOT,Total,21.75,26962783,dollars per short ton,short tons
2018,INO,Other Interior,TOT,Total,23.98,30362125,dollars per short ton,short tons
2017,INO,Other Interior,TOT,Total,21.41,41965842,dollars per short ton,short tons
2016,INO,Other Interior,TOT,Total,21.88,46410517,dollars per short ton,short tons
2015,INO,Other Interior,TOT,Total,26.02,44796280,dollars per short ton,short tons
2014,INO,Other Interior,TOT,Total,21.02,50978097,dollars per short ton,short tons
2013,INO,Other Interior,TOT,Total,22.44,47814861,dollars per short ton,short tons
2012,INO,Other Interior,TOT,Total,22.08,49277049,dollars per short ton,short tons
2011,INO,Other Interior,TOT,Total,21.94,52697757,dollars per short ton,short tons
2010,INO,Other Interior,TOT,Total,22.33,50015396,dollars per short ton,short tons
2009,INO,Other Interior,TOT,Total,20.62,43391352,dollars per short ton,short tons
2008,INO,Other Interior,TOT,Total,20.08,47925026,dollars per short ton,short tons
2007,INO,Other Interior,TOT,Total,18.08,50379129,dollars per short ton,short tons
2006,INO,Other Interior,TOT,Total,16.5,55270527,dollars per short ton,short tons
2005,INO,Other Interior,TOT,Total,15.65,57758832,dollars per short ton,short tons
2004,INO,Other Interior,TOT,Total,15.03,56134656,dollars per short ton,short tons
2003,INO,Other Interior,TOT,Total,14.67,57654333,dollars per short ton,short tons
2002,INO,Other Interior,TOT,Total,15.39,54179316,dollars per short ton,short tons
2001,INO,Other Interior,TOT,Total,16.84,51273580,dollars per short ton,short tons
2024,INT,Interior Region Total,TOT,Total,45.78,84182012,dollars per short ton,short tons
2023,INT,Interior Region Total,TOT,Total,47.09,93051430,dollars per short ton,short tons
2022,INT,Interior Region Total,TOT,Total,40.52,97155600,dollars per short ton,short tons
2021,INT,Interior Region Total,TOT,Total,33.63,94978736,dollars per short ton,short tons
2020,INT,Interior Region Total,TOT,Total,31.45,92132081,dollars per short ton,short tons
2019,INT,Interior Region Total,TOT,Total,35.54,124292340,dollars per short ton,short tons
2018,INT,Interior Region Total,TOT,Total,37.01,136957178,dollars per short ton,short tons
2017,INT,Interior Region Total,TOT,Total,35.21,144943002,dollars per short ton,short tons
2016,INT,Interior Region Total,TOT,Total,36.43,148036079,dollars per short ton,short tons
2015,INT,Interior Region Total,TOT,Total,39.75,168968492,dollars per short ton,short tons
2014,INT,Interior Region Total,TOT,Total,40.73,185363396,dollars per short ton,short tons
2013,INT,Interior Region Total,TOT,Total,41.74,179899626,dollars per short ton,short tons
2012,INT,Interior Region Total,TOT,Total,41.38,158449523,dollars per short ton,short tons
2011,INT,Interior Region Total,TOT,Total,39.12,163489960,dollars per short ton,short tons
2010,INT,Interior Region Total,TOT,Total,37.83,155392467,dollars per short ton,short tons
2009,INT,Interior Region Total,TOT,Total,35.41,143251476,dollars per short ton,short tons
2008,INT,Interior Region Total,TOT,Total,31.43,147647115,dollars per short ton,short tons
2007,INT,Interior Region Total,TOT,Total,27.22,148373020,dollars per short ton,short tons
2006,INT,Interior Region Total,TOT,Total,25.07,148923976,dollars per short ton,short tons
2005,INT,Interior Region Total,TOT,Total,22.78,150749113,dollars per short ton,short tons
2004,INT,Interior Region Total,TOT,Total,20.71,146927750,dollars per short ton,short tons
2003,INT,Interior Region Total,TOT,Total,19.66,145632856,dollars per short ton,short tons
2002,INT,Interior Region Total,TOT,Total,20.13,147266946,dollars per short ton,short tons
2001,INT,Interior Region Total,TOT,Total,20.15,146656227,dollars per short ton,short tons
2024,KY,Kentucky,TOT,Total,74,23877239,dollars per short ton,short tons
2023,KY,Kentucky,TOT,Total,76.87,27212548,dollars per short ton,short tons
2022,KY,Kentucky,TOT,Total,78.22,28633954,dollars per short ton,short tons
2021,KY,Kentucky,TOT,Total,55.28,26582715,dollars per short ton,short tons
2020,KY,Kentucky,TOT,Total,49.04,24797678,dollars per short ton,short tons
2019,KY,Kentucky,TOT,Total,51.89,34809622,dollars per short ton,short tons
2018,KY,Kentucky,TOT,Total,55.95,38797135,dollars per short ton,short tons
2017,KY,Kentucky,TOT,Total,51.77,41414940,dollars per short ton,short tons
2016,KY,Kentucky,TOT,Total,50.79,43488826,dollars per short ton,short tons
2015,KY,Kentucky,TOT,Total,55.01,59691331,dollars per short ton,short tons
2014,KY,Kentucky,TOT,Total,57.62,74525487,dollars per short ton,short tons
2013,KY,Kentucky,TOT,Total,59.58,79439677,dollars per short ton,short tons
2012,KY,Kentucky,TOT,Total,62.78,83485594,dollars per short ton,short tons
2011,KY,Kentucky,TOT,Total,63.1,103893188,dollars per short ton,short tons
2010,KY,Kentucky,TOT,Total,60.84,104582561,dollars per short ton,short tons
2009,KY,Kentucky,TOT,Total,58.54,104686809,dollars per short ton,short tons
2008,KY,Kentucky,TOT,Total,51.32,119320572,dollars per short ton,short tons
2007,KY,Kentucky,TOT,Total,43.6,117295611,dollars per short ton,short tons
2006,KY,Kentucky,TOT,Total,42.78,118205266,dollars per short ton,short tons
2005,KY,Kentucky,TOT,Total,39.6,119182653,dollars per short ton,short tons
2004,KY,Kentucky,TOT,Total,32.59,114361918,dollars per short ton,short tons
2003,KY,Kentucky,TOT,Total,28.12,113016118,dollars per short ton,short tons
2002,KY,Kentucky,TOT,Total,27.71,123833892,dollars per short ton,short tons
2001,KY,Kentucky,TOT,Total,26.78,133284046,dollars per short ton,short tons
2024,KYE,Kentucky (East),TOT,Total,94.26,9809405,dollars per short ton,short tons
2023,KYE,Kentucky (East),TOT,Total,106.96,11386476,dollars per short ton,short tons
2022,KYE,Kentucky (East),TOT,Total,116.66,12370286,dollars per short ton,short tons
2021,KYE,Kentucky (East),TOT,Total,74.97,10242091,dollars per short ton,short tons
2020,KYE,Kentucky (East),TOT,Total,64.06,8144246,dollars per short ton,short tons
2019,KYE,Kentucky (East),TOT,Total,67.09,13233002,dollars per short ton,short tons
2018,KYE,Kentucky (East),TOT,Total,72.19,16638462,dollars per short ton,short tons
2017,KYE,Kentucky (East),TOT,Total,60.82,17884773,dollars per short ton,short tons
2016,KYE,Kentucky (East),TOT,Total,55.44,16519297,dollars per short ton,short tons
2015,KYE,Kentucky (East),TOT,Total,60.84,27303599,dollars per short ton,short tons
2014,KYE,Kentucky (East),TOT,Total,66.97,34482760,dollars per short ton,short tons
2013,KYE,Kentucky (East),TOT,Total,71.41,38866616,dollars per short ton,short tons
2012,KYE,Kentucky (East),TOT,Total,75.37,44208288,dollars per short ton,short tons
2011,KYE,Kentucky (East),TOT,Total,w,63805966,dollars per short ton,short tons
2010,KYE,Kentucky (East),TOT,Total,w,66895348,dollars per short ton,short tons
2009,KYE,Kentucky (East),TOT,Total,w,73584021,dollars per short ton,short tons
2008,KYE,Kentucky (East),TOT,Total,w,89277934,dollars per short ton,short tons
2007,KYE,Kentucky (East),TOT,Total,w,89121737,dollars per short ton,short tons
2006,KYE,Kentucky (East),TOT,Total,46.69,91078729,dollars per short ton,short tons
2005,KYE,Kentucky (East),TOT,Total,w,92730205,dollars per short ton,short tons
2004,KYE,Kentucky (East),TOT,Total,w,90733282,dollars per short ton,short tons
2003,KYE,Kentucky (East),TOT,Total,w,91621678,dollars per short ton,short tons
2002,KYE,Kentucky (East),TOT,Total,w,99159815,dollars per short ton,short tons
2001,KYE,Kentucky (East),TOT,Total,w,108549091,dollars per short ton,short tons
