COAL Market Sales Price.csv
period,stateRegionId,stateRegionDescription,marketTypeId,marketTypeDescription,price,sales,price-units,sales-units
2024,KYW,Kentucky (West),TOT,Total,59.87,14067834,dollars per short ton,short tons
2023,KYW,Kentucky (West),TOT,Total,55.22,15826072,dollars per short ton,short tons
2022,KYW,Kentucky (West),TOT,Total,48.98,16263668,dollars per short ton,short tons
2021,KYW,Kentucky (West),TOT,Total,42.93,16340624,dollars per short ton,short tons
2020,KYW,Kentucky (West),TOT,Total,41.7,16653432,dollars per short ton,short tons
2019,KYW,Kentucky (West),TOT,Total,42.57,21576620,dollars per short ton,short tons
2018,KYW,Kentucky (West),TOT,Total,43.75,22158673,dollars per short ton,short tons
2017,KYW,Kentucky (West),TOT,Total,44.9,23530167,dollars per short ton,short tons
2016,KYW,Kentucky (West),TOT,Total,47.94,26969529,dollars per short ton,short tons
2015,KYW,Kentucky (West),TOT,Total,50.1,32387732,dollars per short ton,short tons
2014,KYW,Kentucky (West),TOT,Total,49.58,40042727,dollars per short ton,short tons
2013,KYW,Kentucky (West),TOT,Total,48.25,40573061,dollars per short ton,short tons
2012,KYW,Kentucky (West),TOT,Total,48.6,39277306,dollars per short ton,short tons
2011,KYW,Kentucky (West),TOT,Total,w,40087222,dollars per short ton,short tons
2010,KYW,Kentucky (West),TOT,Total,w,37687213,dollars per short ton,short tons
2009,KYW,Kentucky (West),TOT,Total,w,31102788,dollars per short ton,short tons
2008,KYW,Kentucky (West),TOT,Total,w,30042638,dollars per short ton,short tons
2007,KYW,Kentucky (West),TOT,Total,w,28173874,dollars per short ton,short tons
2006,KYW,Kentucky (West),TOT,Total,29.63,27126537,dollars per short ton,short tons
2005,KYW,Kentucky (West),TOT,Total,w,26452448,dollars per short ton,short tons
2004,KYW,Kentucky (West),TOT,Total,w,23628636,dollars per short ton,short tons
2003,KYW,Kentucky (West),TOT,Total,w,21394440,dollars per short ton,short tons
2002,KYW,Kentucky (West),TOT,Total,w,24674077,dollars per short ton,short tons
2001,KYW,Kentucky (West),TOT,Total,w,24734955,dollars per short ton,short tons
2024,LA,Louisiana,TOT,Total,35.19,266592,dollars per short ton,short tons
2023,LA,Louisiana,TOT,Total,33.73,279905,dollars per short ton,short tons
2022,LA,Louisiana,TOT,Total,30.3,330780,dollars per short ton,short tons
2021,LA,Louisiana,TOT,Total,26.26,292527,dollars per short ton,short tons
2020,LA,Louisiana,TOT,Total,254.45,696753,dollars per short ton,short tons
2019,LA,Louisiana,TOT,Total,84.59,1377410,dollars per short ton,short tons
2018,LA,Louisiana,TOT,Total,93.15,1322729,dollars per short ton,short tons
2017,LA,Louisiana,TOT,Total,62.86,2102039,dollars per short ton,short tons
2016,LA,Louisiana,TOT,Total,47.13,2906451,dollars per short ton,short tons
2015,LA,Louisiana,TOT,Total,52.39,3647095,dollars per short ton,short tons
2014,LA,Louisiana,TOT,Total,49.61,2604562,dollars per short ton,short tons
2013,LA,Louisiana,TOT,Total,43.79,2812507,dollars per short ton,short tons
2012,LA,Louisiana,TOT,Total,36.1,4284423,dollars per short ton,short tons
2011,LA,Louisiana,TOT,Total,w,w,dollars per short ton,short tons
2010,LA,Louisiana,TOT,Total,w,w,dollars per short ton,short tons
2009,LA,Louisiana,TOT,Total,w,w,dollars per short ton,short tons
2008,LA,Louisiana,TOT,Total,w,w,dollars per short ton,short tons
2007,LA,Louisiana,TOT,Total,w,w,dollars per short ton,short tons
2006,LA,Louisiana,TOT,Total,w,w,dollars per short ton,short tons
2005,LA,Louisiana,TOT,Total,w,w,dollars per short ton,short tons
2004,LA,Louisiana,TOT,Total,w,w,dollars per short ton,short tons
2003,LA,Louisiana,TOT,Total,w,w,dollars per short ton,short tons
2002,LA,Louisiana,TOT,Total,w,w,dollars per short ton,short tons
2001,LA,Louisiana,TOT,Total,w,w,dollars per short ton,short tons
2024,MAT,Middle Atlantic,TOT,Total,85.48,39768426,dollars per short ton,short tons
2023,MAT,Middle Atlantic,TOT,Total,91.71,41948878,dollars per short ton,short tons
2022,MAT,Middle Atlantic,TOT,Total,94.69,39049772,dollars per short ton,short tons
2021,MAT,Middle Atlantic,TOT,Total,57.63,41907950,dollars per short ton,short tons
2020,MAT,Middle Atlantic,TOT,Total,52.11,36122046,dollars per short ton,short tons
2019,MAT,Middle Atlantic,TOT,Total,57.11,49524634,dollars per short ton,short tons
2018,MAT,Middle Atlantic,TOT,Total,57.91,49645010,dollars per short ton,short tons
2017,MAT,Middle Atlantic,TOT,Total,54.08,48605117,dollars per short ton,short tons
2016,MAT,Middle Atlantic,TOT,Total,47.98,46517350,dollars per short ton,short tons
2015,MAT,Middle Atlantic,TOT,Total,57.73,49490347,dollars per short ton,short tons
2014,MAT,Middle Atlantic,TOT,Total,61.82,59811843,dollars per short ton,short tons
2013,MAT,Middle Atlantic,TOT,Total,68.13,53295166,dollars per short ton,short tons
2012,MAT,Middle Atlantic,TOT,Total,68.26,42587364,dollars per short ton,short tons
2011,MAT,Middle Atlantic,TOT,Total,68.53,45535178,dollars per short ton,short tons
2010,MAT,Middle Atlantic,TOT,Total,62.51,59655026,dollars per short ton,short tons
2009,MAT,Middle Atlantic,TOT,Total,55.48,58184702,dollars per short ton,short tons
2008,MAT,Middle Atlantic,TOT,Total,50.77,66941004,dollars per short ton,short tons
2007,MAT,Middle Atlantic,TOT,Total,39.98,65490386,dollars per short ton,short tons
2006,MAT,Middle Atlantic,TOT,Total,38.1,66512406,dollars per short ton,short tons
2005,MAT,Middle Atlantic,TOT,Total,36.53,68108420,dollars per short ton,short tons
2004,MAT,Middle Atlantic,TOT,Total,30.75,65707234,dollars per short ton,short tons
2003,MAT,Middle Atlantic,TOT,Total,26.71,64142763,dollars per short ton,short tons
2002,MAT,Middle Atlantic,TOT,Total,25.82,68130556,dollars per short ton,short tons
2001,MAT,Middle Atlantic,TOT,Total,25.04,73084576,dollars per short ton,short tons
2024,MD,Maryland,TOT,Total,101.06,1240580,dollars per short ton,short tons
2023,MD,Maryland,TOT,Total,101.89,1157899,dollars per short ton,short tons
2022,MD,Maryland,TOT,Total,75.71,1467777,dollars per short ton,short tons
2021,MD,Maryland,TOT,Total,59.12,1238127,dollars per short ton,short tons
2020,MD,Maryland,TOT,Total,62.4,1114660,dollars per short ton,short tons
2019,MD,Maryland,TOT,Total,77.28,1394339,dollars per short ton,short tons
2018,MD,Maryland,TOT,Total,68.17,1317339,dollars per short ton,short tons
2017,MD,Maryland,TOT,Total,72.68,1803483,dollars per short ton,short tons
2016,MD,Maryland,TOT,Total,57.8,1638121,dollars per short ton,short tons
2015,MD,Maryland,TOT,Total,53.01,1980505,dollars per short ton,short tons
2014,MD,Maryland,TOT,Total,50.62,1978612,dollars per short ton,short tons
2013,MD,Maryland,TOT,Total,51.75,1958692,dollars per short ton,short tons
2012,MD,Maryland,TOT,Total,47.83,2023748,dollars per short ton,short tons
2011,MD,Maryland,TOT,Total,43,2541825,dollars per short ton,short tons
2010,MD,Maryland,TOT,Total,47.54,2842115,dollars per short ton,short tons
2009,MD,Maryland,TOT,Total,37.65,2413324,dollars per short ton,short tons
2008,MD,Maryland,TOT,Total,42.19,2928964,dollars per short ton,short tons
2007,MD,Maryland,TOT,Total,33.02,2178907,dollars per short ton,short tons
2006,MD,Maryland,TOT,Total,30.63,4556671,dollars per short ton,short tons
2005,MD,Maryland,TOT,Total,w,5534683,dollars per short ton,short tons
2004,MD,Maryland,TOT,Total,w,5402596,dollars per short ton,short tons
2003,MD,Maryland,TOT,Total,w,5192232,dollars per short ton,short tons
2002,MD,Maryland,TOT,Total,22.87,4960047,dollars per short ton,short tons
2001,MD,Maryland,TOT,Total,w,4566551,dollars per short ton,short tons
2024,MID,Midwest Total,TOT,Total,41.37,82425081,dollars per short ton,short tons
2023,MID,Midwest Total,TOT,Total,44.67,85858561,dollars per short ton,short tons
2022,MID,Midwest Total,TOT,Total,37.25,90073084,dollars per short ton,short tons
2021,MID,Midwest Total,TOT,Total,30.45,87269112,dollars per short ton,short tons
2020,MID,Midwest Total,TOT,Total,27.42,82185073,dollars per short ton,short tons
2019,MID,Midwest Total,TOT,Total,33.78,110652858,dollars per short ton,short tons
2018,MID,Midwest Total,TOT,Total,34.77,124147269,dollars per short ton,short tons
2017,MID,Midwest Total,TOT,Total,34.48,117983294,dollars per short ton,short tons
2016,MID,Midwest Total,TOT,Total,36.1,115083031,dollars per short ton,short tons
2015,MID,Midwest Total,TOT,Total,38.16,137530390,dollars per short ton,short tons
2014,MID,Midwest Total,TOT,Total,42.1,145587174,dollars per short ton,short tons
2013,MID,Midwest Total,TOT,Total,42.96,144662442,dollars per short ton,short tons
2012,MID,Midwest Total,TOT,Total,42.79,124733153,dollars per short ton,short tons
2011,MID,Midwest Total,TOT,Total,40.57,126472074,dollars per short ton,short tons
2010,MID,Midwest Total,TOT,Total,38.23,124504555,dollars per short ton,short tons
2009,MID,Midwest Total,TOT,Total,36.2,125516452,dollars per short ton,short tons
2008,MID,Midwest Total,TOT,Total,32.48,125905238,dollars per short ton,short tons
2007,MID,Midwest Total,TOT,Total,26.24,123220876,dollars per short ton,short tons
2006,MID,Midwest Total,TOT,Total,24.78,119945415,dollars per short ton,short tons
2005,MID,Midwest Total,TOT,Total,22.87,121203134,dollars per short ton,short tons
2004,MID,Midwest Total,TOT,Total,20.53,120339080,dollars per short ton,short tons
2003,MID,Midwest Total,TOT,Total,19.25,120561063,dollars per short ton,short tons
2002,MID,Midwest Total,TOT,Total,19.06,120763270,dollars per short ton,short tons
2001,MID,Midwest Total,TOT,Total,20.38,127352174,dollars per short ton,short tons
2024,MO,Missouri,TOT,Total,66,147314,dollars per short ton,short tons
2023,MO,Missouri,TOT,Total,66,139699,dollars per short ton,short tons
2022,MO,Missouri,TOT,Total,64,73531,dollars per short ton,short tons
2021,MO,Missouri,TOT,Total,53,44163,dollars per short ton,short tons
2020,MO,Missouri,TOT,Total,53,158739,dollars per short ton,short tons
2019,MO,Missouri,TOT,Total,53,189273,dollars per short ton,short tons
2018,MO,Missouri,TOT,Total,53,258902,dollars per short ton,short tons
2017,MO,Missouri,TOT,Total,53,244345,dollars per short ton,short tons
2016,MO,Missouri,TOT,Total,53,233898,dollars per short ton,short tons
2015,MO,Missouri,TOT,Total,52,138206,dollars per short ton,short tons
2014,MO,Missouri,TOT,Total,52,362838,dollars per short ton,short tons
2013,MO,Missouri,TOT,Total,52,413599,dollars per short ton,short tons
2012,MO,Missouri,TOT,Total,51.5,421612,dollars per short ton,short tons
2011,MO,Missouri,TOT,Total,w,w,dollars per short ton,short tons
2010,MO,Missouri,TOT,Total,w,w,dollars per short ton,short tons
2009,MO,Missouri,TOT,Total,w,w,dollars per short ton,short tons
2008,MO,Missouri,TOT,Total,w,w,dollars per short ton,short tons
2007,MO,Missouri,TOT,Total,w,w,dollars per short ton,short tons
2006,MO,Missouri,TOT,Total,w,w,dollars per short ton,short tons
2005,MO,Missouri,TOT,Total,w,w,dollars per short ton,short tons
2004,MO,Missouri,TOT,Total,w,w,dollars per short ton,short tons
2003,MO,Missouri,TOT,Total,w,w,dollars per short ton,short tons
2002,MO,Missouri,TOT,Total,w,w,dollars per short ton,short tons
2001,MO,Missouri,TOT,Total,w,w,dollars per short ton,short tons
2024,MS,Mississippi,TOT,Total,29.99,1921905,dollars per short ton,short tons
2023,MS,Mississippi,TOT,Total,29.14,2930799,dollars per short ton,short tons
2022,MS,Mississippi,TOT,Total,29.52,3214644,dollars per short ton,short tons
2021,MS,Mississippi,TOT,Total,27.32,3024608,dollars per short ton,short tons
2020,MS,Mississippi,TOT,Total,27.61,2538435,dollars per short ton,short tons
2019,MS,Mississippi,TOT,Total,24.5,2561539,dollars per short ton,short tons
2018,MS,Mississippi,TOT,Total,27,2996618,dollars per short ton,short tons
2017,MS,Mississippi,TOT,Total,21.9,2844943,dollars per short ton,short tons
2016,MS,Mississippi,TOT,Total,22.87,3342685,dollars per short ton,short tons
2015,MS,Mississippi,TOT,Total,26.43,3266354,dollars per short ton,short tons
2014,MS,Mississippi,TOT,Total,25.91,2627661,dollars per short ton,short tons
2013,MS,Mississippi,TOT,Total,24.79,3169097,dollars per short ton,short tons
2012,MS,Mississippi,TOT,Total,23.49,3065312,dollars per short ton,short tons
2011,MS,Mississippi,TOT,Total,w,w,dollars per short ton,short tons
2010,MS,Mississippi,TOT,Total,w,w,dollars per short ton,short tons
2009,MS,Mississippi,TOT,Total,w,w,dollars per short ton,short tons
2008,MS,Mississippi,TOT,Total,w,w,dollars per short ton,short tons
2007,MS,Mississippi,TOT,Total,w,w,dollars per short ton,short tons
2006,MS,Mississippi,TOT,Total,w,w,dollars per short ton,short tons
2005,MS,Mississippi,TOT,Total,w,w,dollars per short ton,short tons
2004,MS,Mississippi,TOT,Total,w,w,dollars per short ton,short tons
2003,MS,Mississippi,TOT,Total,w,w,dollars per short ton,short tons
2002,MS,Mississippi,TOT,Total,w,w,dollars per short ton,short tons
2001,MS,Mississippi,TOT,Total,w,w,dollars per short ton,short tons
2024,MT,Montana,TOT,Total,34.35,27313473,dollars per short ton,short tons
2023,MT,Montana,TOT,Total,46.56,29075466,dollars per short ton,short tons
2022,MT,Montana,TOT,Total,43.29,28053682,dollars per short ton,short tons
2021,MT,Montana,TOT,Total,22.66,28752866,dollars per short ton,short tons
2020,MT,Montana,TOT,Total,20.27,26380520,dollars per short ton,short tons
2019,MT,Montana,TOT,Total,21.66,34691769,dollars per short ton,short tons
2018,MT,Montana,TOT,Total,20.15,38568190,dollars per short ton,short tons
2017,MT,Montana,TOT,Total,19.31,35613692,dollars per short ton,short tons
2016,MT,Montana,TOT,Total,18.84,32687430,dollars per short ton,short tons
2015,MT,Montana,TOT,Total,17.44,42203988,dollars per short ton,short tons
2014,MT,Montana,TOT,Total,17.22,44688279,dollars per short ton,short tons
2013,MT,Montana,TOT,Total,17.26,40960577,dollars per short ton,short tons
2012,MT,Montana,TOT,Total,18.11,36823310,dollars per short ton,short tons
2011,MT,Montana,TOT,Total,w,42200058,dollars per short ton,short tons
2010,MT,Montana,TOT,Total,w,44520728,dollars per short ton,short tons
2009,MT,Montana,TOT,Total,w,39397482,dollars per short ton,short tons
2008,MT,Montana,TOT,Total,w,44271706,dollars per short ton,short tons
2007,MT,Montana,TOT,Total,w,42768937,dollars per short ton,short tons
2006,MT,Montana,TOT,Total,w,42072095,dollars per short ton,short tons
2005,MT,Montana,TOT,Total,w,40294199,dollars per short ton,short tons
2004,MT,Montana,TOT,Total,w,40216370,dollars per short ton,short tons
2003,MT,Montana,TOT,Total,w,36942382,dollars per short ton,short tons
2002,MT,Montana,TOT,Total,w,37250429,dollars per short ton,short tons
2001,MT,Montana,TOT,Total,w,39185188,dollars per short ton,short tons
2024,MTN,Mountain,TOT,Total,23.03,244781515,dollars per short ton,short tons
2023,MTN,Mountain,TOT,Total,21.81,293630136,dollars per short ton,short tons
2022,MTN,Mountain,TOT,Total,21.78,308446701,dollars per short ton,short tons
2021,MTN,Mountain,TOT,Total,17.05,302908348,dollars per short ton,short tons
2020,MTN,Mountain,TOT,Total,17.03,279930535,dollars per short ton,short tons
2019,MTN,Mountain,TOT,Total,17.61,355610731,dollars per short ton,short tons
2018,MTN,Mountain,TOT,Total,16.77,390035813,dollars per short ton,short tons
2017,MTN,Mountain,TOT,Total,16.96,402750219,dollars per short ton,short tons
2016,MTN,Mountain,TOT,Total,17.28,379106296,dollars per short ton,short tons
2015,MTN,Mountain,TOT,Total,17.09,477363898,dollars per short ton,short tons
2014,MTN,Mountain,TOT,Total,17.72,509936279,dollars per short ton,short tons
2013,MTN,Mountain,TOT,Total,17.64,499809801,dollars per short ton,short tons
2012,MTN,Mountain,TOT,Total,17.85,508516604,dollars per short ton,short tons
2011,MTN,Mountain,TOT,Total,16.86,554978226,dollars per short ton,short tons
2010,MTN,Mountain,TOT,Total,15.73,560139969,dollars per short ton,short tons
2009,MTN,Mountain,TOT,Total,15.63,551570890,dollars per short ton,short tons
2008,MTN,Mountain,TOT,Total,14.46,600359135,dollars per short ton,short tons
2007,MTN,Mountain,TOT,Total,13.05,586467463,dollars per short ton,short tons
2006,MTN,Mountain,TOT,Total,11.98,582535414,dollars per short ton,short tons
2005,MTN,Mountain,TOT,Total,10.92,547486354,dollars per short ton,short tons
2004,MTN,Mountain,TOT,Total,10.09,538275056,dollars per short ton,short tons
2003,MTN,Mountain,TOT,Total,9.71,511867755,dollars per short ton,short tons
2002,MTN,Mountain,TOT,Total,9.42,510664382,dollars per short ton,short tons
2001,MTN,Mountain,TOT,Total,8.89,509750413,dollars per short ton,short tons
