COAL Market Sales Price.csv
period,stateRegionId,stateRegionDescription,marketTypeId,marketTypeDescription,price,sales,price-units,sales-units
2024,ND,North Dakota,TOT,Total,23.7,25140719,dollars per short ton,short tons
2023,ND,North Dakota,TOT,Total,23.33,24027932,dollars per short ton,short tons
2022,ND,North Dakota,TOT,Total,20.61,26644972,dollars per short ton,short tons
2021,ND,North Dakota,TOT,Total,19,26801792,dollars per short ton,short tons
2020,ND,North Dakota,TOT,Total,19.48,26406742,dollars per short ton,short tons
2019,ND,North Dakota,TOT,Total,18.93,27152968,dollars per short ton,short tons
2018,ND,North Dakota,TOT,Total,17.47,29693306,dollars per short ton,short tons
2017,ND,North Dakota,TOT,Total,17.82,29101656,dollars per short ton,short tons
2016,ND,North Dakota,TOT,Total,17.95,27589097,dollars per short ton,short tons
2015,ND,North Dakota,TOT,Total,17.71,28873208,dollars per short ton,short tons
2014,ND,North Dakota,TOT,Total,17.99,28664116,dollars per short ton,short tons
2013,ND,North Dakota,TOT,Total,17.93,27680479,dollars per short ton,short tons
2012,ND,North Dakota,TOT,Total,17.4,27798938,dollars per short ton,short tons
2011,ND,North Dakota,TOT,Total,w,28174190,dollars per short ton,short tons
2010,ND,North Dakota,TOT,Total,w,28894025,dollars per short ton,short tons
2009,ND,North Dakota,TOT,Total,w,29933327,dollars per short ton,short tons
2008,ND,North Dakota,TOT,Total,w,29781016,dollars per short ton,short tons
2007,ND,North Dakota,TOT,Total,w,29613922,dollars per short ton,short tons
2006,ND,North Dakota,TOT,Total,w,30370570,dollars per short ton,short tons
2005,ND,North Dakota,TOT,Total,w,30069621,dollars per short ton,short tons
2004,ND,North Dakota,TOT,Total,9.37,29985464,dollars per short ton,short tons
2003,ND,North Dakota,TOT,Total,8.76,31118998,dollars per short ton,short tons
2002,ND,North Dakota,TOT,Total,8.46,31003143,dollars per short ton,short tons
2001,ND,North Dakota,TOT,Total,w,30498276,dollars per short ton,short tons
2024,NM,New Mexico,TOT,Total,58.09,7051550,dollars per short ton,short tons
2023,NM,New Mexico,TOT,Total,48.68,7819304,dollars per short ton,short tons
2022,NM,New Mexico,TOT,Total,44.07,11077373,dollars per short ton,short tons
2021,NM,New Mexico,TOT,Total,41.98,10251487,dollars per short ton,short tons
2020,NM,New Mexico,TOT,Total,40.62,11325095,dollars per short ton,short tons
2019,NM,New Mexico,TOT,Total,39.71,13206838,dollars per short ton,short tons
2018,NM,New Mexico,TOT,Total,39.78,12199345,dollars per short ton,short tons
2017,NM,New Mexico,TOT,Total,34.72,14832578,dollars per short ton,short tons
2016,NM,New Mexico,TOT,Total,33.24,14669832,dollars per short ton,short tons
2015,NM,New Mexico,TOT,Total,37.43,19145897,dollars per short ton,short tons
2014,NM,New Mexico,TOT,Total,40.28,19329278,dollars per short ton,short tons
2013,NM,New Mexico,TOT,Total,37.32,21881668,dollars per short ton,short tons
2012,NM,New Mexico,TOT,Total,36.74,22880828,dollars per short ton,short tons
2011,NM,New Mexico,TOT,Total,34.22,24413574,dollars per short ton,short tons
2010,NM,New Mexico,TOT,Total,30.67,21871716,dollars per short ton,short tons
2009,NM,New Mexico,TOT,Total,w,25608132,dollars per short ton,short tons
2008,NM,New Mexico,TOT,Total,w,23467980,dollars per short ton,short tons
2007,NM,New Mexico,TOT,Total,w,24431736,dollars per short ton,short tons
2006,NM,New Mexico,TOT,Total,w,26451787,dollars per short ton,short tons
2005,NM,New Mexico,TOT,Total,25.82,26267546,dollars per short ton,short tons
2004,NM,New Mexico,TOT,Total,24.09,27017288,dollars per short ton,short tons
2003,NM,New Mexico,TOT,Total,23.18,26452467,dollars per short ton,short tons
2002,NM,New Mexico,TOT,Total,22.47,27977012,dollars per short ton,short tons
2001,NM,New Mexico,TOT,Total,22.02,28889760,dollars per short ton,short tons
2024,OH,Ohio,TOT,Total,64.79,1727505,dollars per short ton,short tons
2023,OH,Ohio,TOT,Total,66,1915834,dollars per short ton,short tons
2022,OH,Ohio,TOT,Total,52.95,2492068,dollars per short ton,short tons
2021,OH,Ohio,TOT,Total,38.08,2758319,dollars per short ton,short tons
2020,OH,Ohio,TOT,Total,38.49,3859257,dollars per short ton,short tons
2019,OH,Ohio,TOT,Total,39.88,7557680,dollars per short ton,short tons
2018,OH,Ohio,TOT,Total,42.21,9758681,dollars per short ton,short tons
2017,OH,Ohio,TOT,Total,42.28,9190300,dollars per short ton,short tons
2016,OH,Ohio,TOT,Total,44.68,12577436,dollars per short ton,short tons
2015,OH,Ohio,TOT,Total,47.84,16535297,dollars per short ton,short tons
2014,OH,Ohio,TOT,Total,49.54,22168075,dollars per short ton,short tons
2013,OH,Ohio,TOT,Total,48.64,25056660,dollars per short ton,short tons
2012,OH,Ohio,TOT,Total,47.8,26617435,dollars per short ton,short tons
2011,OH,Ohio,TOT,Total,w,27087977,dollars per short ton,short tons
2010,OH,Ohio,TOT,Total,w,27329517,dollars per short ton,short tons
2009,OH,Ohio,TOT,Total,w,26188522,dollars per short ton,short tons
2008,OH,Ohio,TOT,Total,w,25968477,dollars per short ton,short tons
2007,OH,Ohio,TOT,Total,w,23130395,dollars per short ton,short tons
2006,OH,Ohio,TOT,Total,w,22212991,dollars per short ton,short tons
2005,OH,Ohio,TOT,Total,w,23829403,dollars per short ton,short tons
2004,OH,Ohio,TOT,Total,w,22538761,dollars per short ton,short tons
2003,OH,Ohio,TOT,Total,w,22170887,dollars per short ton,short tons
2002,OH,Ohio,TOT,Total,w,20893624,dollars per short ton,short tons
2001,OH,Ohio,TOT,Total,29.75,25664103,dollars per short ton,short tons
2024,PA,Pennsylvania,TOT,Total,85.48,39768426,dollars per short ton,short tons
2023,PA,Pennsylvania,TOT,Total,91.71,41948878,dollars per short ton,short tons
2022,PA,Pennsylvania,TOT,Total,94.69,39049772,dollars per short ton,short tons
2021,PA,Pennsylvania,TOT,Total,57.63,41907950,dollars per short ton,short tons
2020,PA,Pennsylvania,TOT,Total,52.11,36122046,dollars per short ton,short tons
2019,PA,Pennsylvania,TOT,Total,57.11,49524634,dollars per short ton,short tons
2018,PA,Pennsylvania,TOT,Total,57.91,49645010,dollars per short ton,short tons
2017,PA,Pennsylvania,TOT,Total,54.08,48605117,dollars per short ton,short tons
2016,PA,Pennsylvania,TOT,Total,47.98,46517350,dollars per short ton,short tons
2015,PA,Pennsylvania,TOT,Total,57.73,49490347,dollars per short ton,short tons
2014,PA,Pennsylvania,TOT,Total,61.82,59811843,dollars per short ton,short tons
2013,PA,Pennsylvania,TOT,Total,68.13,53295166,dollars per short ton,short tons
2012,PA,Pennsylvania,TOT,Total,68.26,42587364,dollars per short ton,short tons
2011,PA,Pennsylvania,TOT,Total,w,45535178,dollars per short ton,short tons
2010,PA,Pennsylvania,TOT,Total,w,59655026,dollars per short ton,short tons
2009,PA,Pennsylvania,TOT,Total,w,58184702,dollars per short ton,short tons
2008,PA,Pennsylvania,TOT,Total,w,66941004,dollars per short ton,short tons
2007,PA,Pennsylvania,TOT,Total,w,65490386,dollars per short ton,short tons
2006,PA,Pennsylvania,TOT,Total,38.1,66512406,dollars per short ton,short tons
2005,PA,Pennsylvania,TOT,Total,w,68108420,dollars per short ton,short tons
2004,PA,Pennsylvania,TOT,Total,30.75,65707234,dollars per short ton,short tons
2003,PA,Pennsylvania,TOT,Total,w,64142763,dollars per short ton,short tons
2002,PA,Pennsylvania,TOT,Total,25.82,68130556,dollars per short ton,short tons
2001,PA,Pennsylvania,TOT,Total,25.04,73084576,dollars per short ton,short tons
2024,PAA,Pennsylvania (Anthracite),TOT,Total,156.21,2870411,dollars per short ton,short tons
2023,PAA,Pennsylvania (Anthracite),TOT,Total,165.88,2499672,dollars per short ton,short tons
2022,PAA,Pennsylvania (Anthracite),TOT,Total,155.03,1954644,dollars per short ton,short tons
2021,PAA,Pennsylvania (Anthracite),TOT,Total,107.08,1698588,dollars per short ton,short tons
2020,PAA,Pennsylvania (Anthracite),TOT,Total,90.68,2417451,dollars per short ton,short tons
2019,PAA,Pennsylvania (Anthracite),TOT,Total,102.22,2339082,dollars per short ton,short tons
2018,PAA,Pennsylvania (Anthracite),TOT,Total,99.97,1850975,dollars per short ton,short tons
2017,PAA,Pennsylvania (Anthracite),TOT,Total,93.17,1813201,dollars per short ton,short tons
2016,PAA,Pennsylvania (Anthracite),TOT,Total,97.61,1432331,dollars per short ton,short tons
2015,PAA,Pennsylvania (Anthracite),TOT,Total,97.91,1806793,dollars per short ton,short tons
2014,PAA,Pennsylvania (Anthracite),TOT,Total,90.98,1766056,dollars per short ton,short tons
2013,PAA,Pennsylvania (Anthracite),TOT,Total,87.82,1987987,dollars per short ton,short tons
2012,PAA,Pennsylvania (Anthracite),TOT,Total,76.68,2367270,dollars per short ton,short tons
2011,PAA,Pennsylvania (Anthracite),TOT,Total,w,2062109,dollars per short ton,short tons
2010,PAA,Pennsylvania (Anthracite),TOT,Total,w,1626362,dollars per short ton,short tons
2009,PAA,Pennsylvania (Anthracite),TOT,Total,w,1571449,dollars per short ton,short tons
2008,PAA,Pennsylvania (Anthracite),TOT,Total,w,1658194,dollars per short ton,short tons
2007,PAA,Pennsylvania (Anthracite),TOT,Total,w,1381447,dollars per short ton,short tons
2006,PAA,Pennsylvania (Anthracite),TOT,Total,w,1363959,dollars per short ton,short tons
2005,PAA,Pennsylvania (Anthracite),TOT,Total,w,1676162,dollars per short ton,short tons
2004,PAA,Pennsylvania (Anthracite),TOT,Total,w,1679958,dollars per short ton,short tons
2003,PAA,Pennsylvania (Anthracite),TOT,Total,49.87,1249005,dollars per short ton,short tons
2002,PAA,Pennsylvania (Anthracite),TOT,Total,47.78,1226938,dollars per short ton,short tons
2001,PAA,Pennsylvania (Anthracite),TOT,Total,47.67,1377955,dollars per short ton,short tons
2024,PAB,Pennsylvania (Bituminous),TOT,Total,79.98,36898015,dollars per short ton,short tons
2023,PAB,Pennsylvania (Bituminous),TOT,Total,87.01,39449206,dollars per short ton,short tons
2022,PAB,Pennsylvania (Bituminous),TOT,Total,91.51,37095128,dollars per short ton,short tons
2021,PAB,Pennsylvania (Bituminous),TOT,Total,55.54,40209362,dollars per short ton,short tons
2020,PAB,Pennsylvania (Bituminous),TOT,Total,49.35,33704595,dollars per short ton,short tons
2019,PAB,Pennsylvania (Bituminous),TOT,Total,54.88,47185552,dollars per short ton,short tons
2018,PAB,Pennsylvania (Bituminous),TOT,Total,56.28,47794035,dollars per short ton,short tons
2017,PAB,Pennsylvania (Bituminous),TOT,Total,52.57,46791916,dollars per short ton,short tons
2016,PAB,Pennsylvania (Bituminous),TOT,Total,46.4,45085019,dollars per short ton,short tons
2015,PAB,Pennsylvania (Bituminous),TOT,Total,56.21,47683554,dollars per short ton,short tons
2014,PAB,Pennsylvania (Bituminous),TOT,Total,60.93,58045787,dollars per short ton,short tons
2013,PAB,Pennsylvania (Bituminous),TOT,Total,67.37,51307179,dollars per short ton,short tons
2012,PAB,Pennsylvania (Bituminous),TOT,Total,67.77,40220094,dollars per short ton,short tons
2011,PAB,Pennsylvania (Bituminous),TOT,Total,w,43473069,dollars per short ton,short tons
2010,PAB,Pennsylvania (Bituminous),TOT,Total,w,58028664,dollars per short ton,short tons
2009,PAB,Pennsylvania (Bituminous),TOT,Total,w,56613253,dollars per short ton,short tons
2008,PAB,Pennsylvania (Bituminous),TOT,Total,w,65282810,dollars per short ton,short tons
2007,PAB,Pennsylvania (Bituminous),TOT,Total,w,64108939,dollars per short ton,short tons
2006,PAB,Pennsylvania (Bituminous),TOT,Total,w,65148447,dollars per short ton,short tons
2005,PAB,Pennsylvania (Bituminous),TOT,Total,w,66432258,dollars per short ton,short tons
2004,PAB,Pennsylvania (Bituminous),TOT,Total,w,64027276,dollars per short ton,short tons
2003,PAB,Pennsylvania (Bituminous),TOT,Total,w,62893758,dollars per short ton,short tons
2002,PAB,Pennsylvania (Bituminous),TOT,Total,25.41,66903618,dollars per short ton,short tons
2001,PAB,Pennsylvania (Bituminous),TOT,Total,24.61,71706621,dollars per short ton,short tons
2024,PCN,Pacific Noncontiguous,TOT,Total,69.49,1038389,dollars per short ton,short tons
2023,PCN,Pacific Noncontiguous,TOT,Total,68.74,1006436,dollars per short ton,short tons
2022,PCN,Pacific Noncontiguous,TOT,Total,67.08,1021362,dollars per short ton,short tons
2021,PCN,Pacific Noncontiguous,TOT,Total,60.32,1023740,dollars per short ton,short tons
2020,PCN,Pacific Noncontiguous,TOT,Total,58.32,1042289,dollars per short ton,short tons
2019,PCN,Pacific Noncontiguous,TOT,Total,58.57,999622,dollars per short ton,short tons
2018,PCN,Pacific Noncontiguous,TOT,Total,58.56,911600,dollars per short ton,short tons
2017,PCN,Pacific Noncontiguous,TOT,Total,58.84,873463,dollars per short ton,short tons
2016,PCN,Pacific Noncontiguous,TOT,Total,55.13,972086,dollars per short ton,short tons
2015,PCN,Pacific Noncontiguous,TOT,Total,53.21,1161568,dollars per short ton,short tons
2014,PCN,Pacific Noncontiguous,TOT,Total,46.37,1507782,dollars per short ton,short tons
2013,PCN,Pacific Noncontiguous,TOT,Total,45.75,1623137,dollars per short ton,short tons
2012,PCN,Pacific Noncontiguous,TOT,Total,48.57,1051044,dollars per short ton,short tons
2011,PCN,Pacific Noncontiguous,TOT,Total,w,w,dollars per short ton,short tons
2010,PCN,Pacific Noncontiguous,TOT,Total,w,w,dollars per short ton,short tons
2009,PCN,Pacific Noncontiguous,TOT,Total,w,w,dollars per short ton,short tons
2008,PCN,Pacific Noncontiguous,TOT,Total,w,w,dollars per short ton,short tons
2007,PCN,Pacific Noncontiguous,TOT,Total,w,w,dollars per short ton,short tons
2006,PCN,Pacific Noncontiguous,TOT,Total,w,w,dollars per short ton,short tons
2005,PCN,Pacific Noncontiguous,TOT,Total,w,w,dollars per short ton,short tons
2004,PCN,Pacific Noncontiguous,TOT,Total,w,w,dollars per short ton,short tons
2003,PCN,Pacific Noncontiguous,TOT,Total,w,w,dollars per short ton,short tons
2002,PCN,Pacific Noncontiguous,TOT,Total,w,w,dollars per short ton,short tons
2001,PCN,Pacific Noncontiguous,TOT,Total,w,w,dollars per short ton,short tons
2024,PRB,Powder River Basin,TOT,Total,14.86,204932059,dollars per short ton,short tons
2023,PRB,Powder River Basin,TOT,Total,14.68,252020482,dollars per short ton,short tons
2022,PRB,Powder River Basin,TOT,Total,14.38,258412862,dollars per short ton,short tons
2021,PRB,Powder River Basin,TOT,Total,11.98,252396053,dollars per short ton,short tons
2020,PRB,Powder River Basin,TOT,Total,12.11,230255255,dollars per short ton,short tons
2019,PRB,Powder River Basin,TOT,Total,11.98,294280415,dollars per short ton,short tons
2018,PRB,Powder River Basin,TOT,Total,11.85,324417013,dollars per short ton,short tons
2017,PRB,Powder River Basin,TOT,Total,12.52,334363117,dollars per short ton,short tons
2016,PRB,Powder River Basin,TOT,Total,12.95,313907377,dollars per short ton,short tons
2015,PRB,Powder River Basin,TOT,Total,13.23,398753058,dollars per short ton,short tons
2014,PRB,Powder River Basin,TOT,Total,13.38,418412234,dollars per short ton,short tons
2013,PRB,Powder River Basin,TOT,Total,13.37,407550919,dollars per short ton,short tons
2012,PRB,Powder River Basin,TOT,Total,13.77,417735102,dollars per short ton,short tons
2011,PRB,Powder River Basin,TOT,Total,13.09,461717202,dollars per short ton,short tons
2010,PRB,Powder River Basin,TOT,Total,12.34,468311638,dollars per short ton,short tons
2009,PRB,Powder River Basin,TOT,Total,12.03,454221514,dollars per short ton,short tons
2008,PRB,Powder River Basin,TOT,Total,11.03,494536053,dollars per short ton,short tons
2007,PRB,Powder River Basin,TOT,Total,10.04,478769120,dollars per short ton,short tons
2006,PRB,Powder River Basin,TOT,Total,8.92,472519412,dollars per short ton,short tons
2005,PRB,Powder River Basin,TOT,Total,7.69,430023887,dollars per short ton,short tons
2004,PRB,Powder River Basin,TOT,Total,7.16,421314537,dollars per short ton,short tons
2003,PRB,Powder River Basin,TOT,Total,6.77,400227341,dollars per short ton,short tons
2002,PRB,Powder River Basin,TOT,Total,6.4,396486248,dollars per short ton,short tons
2001,PRB,Powder River Basin,TOT,Total,5.68,392848641,dollars per short ton,short tons
2024,SAT,South Atlantic,TOT,Total,105.06,91111998,dollars per short ton,short tons
2023,SAT,South Atlantic,TOT,Total,125.46,93583718,dollars per short ton,short tons
2022,SAT,South Atlantic,TOT,Total,136.23,94894958,dollars per short ton,short tons
2021,SAT,South Atlantic,TOT,Total,81.9,91010108,dollars per short ton,short tons
2020,SAT,South Atlantic,TOT,Total,62.32,78511013,dollars per short ton,short tons
2019,SAT,South Atlantic,TOT,Total,75.57,103715138,dollars per short ton,short tons
2018,SAT,South Atlantic,TOT,Total,76.06,109992316,dollars per short ton,short tons
2017,SAT,South Atlantic,TOT,Total,70.92,106280436,dollars per short ton,short tons
2016,SAT,South Atlantic,TOT,Total,56.83,95470036,dollars per short ton,short tons
2015,SAT,South Atlantic,TOT,Total,60.53,104349354,dollars per short ton,short tons
2014,SAT,South Atlantic,TOT,Total,66.94,128100494,dollars per short ton,short tons
2013,SAT,South Atlantic,TOT,Total,77.55,131627948,dollars per short ton,short tons
2012,SAT,South Atlantic,TOT,Total,78.52,104227918,dollars per short ton,short tons
2011,SAT,South Atlantic,TOT,Total,75.81,118978451,dollars per short ton,short tons
2010,SAT,South Atlantic,TOT,Total,73.61,160386301,dollars per short ton,short tons
2009,SAT,South Atlantic,TOT,Total,65.19,157452991,dollars per short ton,short tons
2008,SAT,South Atlantic,TOT,Total,62.96,185056757,dollars per short ton,short tons
2007,SAT,South Atlantic,TOT,Total,48.97,181182154,dollars per short ton,short tons
2006,SAT,South Atlantic,TOT,Total,47.5,186983900,dollars per short ton,short tons
2005,SAT,South Atlantic,TOT,Total,43.33,187447593,dollars per short ton,short tons
2004,SAT,South Atlantic,TOT,Total,35.96,183626740,dollars per short ton,short tons
2003,SAT,South Atlantic,TOT,Total,29.92,177042704,dollars per short ton,short tons
2002,SAT,South Atlantic,TOT,Total,29.74,183297870,dollars per short ton,short tons
2001,SAT,South Atlantic,TOT,Total,27.26,198888578,dollars per short ton,short tons
