COAL Market Sales Price.csv
period,stateRegionId,stateRegionDescription,marketTypeId,marketTypeDescription,price,sales,price-units,sales-units
2024,STH,South Total,TOT,Total,96.69,135031763,dollars per short ton,short tons
2023,STH,South Total,TOT,Total,107.03,141066675,dollars per short ton,short tons
2022,STH,South Total,TOT,Total,112.87,143140416,dollars per short ton,short tons
2021,STH,South Total,TOT,Total,69.74,138159925,dollars per short ton,short tons
2020,STH,South Total,TOT,Total,55.86,129689193,dollars per short ton,short tons
2019,STH,South Total,TOT,Total,65.91,168869267,dollars per short ton,short tons
2018,STH,South Total,TOT,Total,67.39,180928719,dollars per short ton,short tons
2017,STH,South Total,TOT,Total,59.43,189718728,dollars per short ton,short tons
2016,STH,South Total,TOT,Total,48.08,183100542,dollars per short ton,short tons
2015,STH,South Total,TOT,Total,52.97,209163855,dollars per short ton,short tons
2014,STH,South Total,TOT,Total,55.82,256293488,dollars per short ton,short tons
2013,STH,South Total,TOT,Total,61.63,260018668,dollars per short ton,short tons
2012,STH,South Total,TOT,Total,60.25,236342192,dollars per short ton,short tons
2011,STH,South Total,TOT,Total,60.19,282685922,dollars per short ton,short tons
2010,STH,South Total,TOT,Total,60.24,314142972,dollars per short ton,short tons
2009,STH,South Total,TOT,Total,56.53,304768720,dollars per short ton,short tons
2008,STH,South Total,TOT,Total,52.12,351432931,dollars per short ton,short tons
2007,STH,South Total,TOT,Total,42.49,344334799,dollars per short ton,short tons
2006,STH,South Total,TOT,Total,40.51,351972644,dollars per short ton,short tons
2005,STH,South Total,TOT,Total,37.85,361051776,dollars per short ton,short tons
2004,STH,South Total,TOT,Total,31.51,346769697,dollars per short ton,short tons
2003,STH,South Total,TOT,Total,26.9,338341848,dollars per short ton,short tons
2002,STH,South Total,TOT,Total,27.01,353381743,dollars per short ton,short tons
2001,STH,South Total,TOT,Total,25.94,372780958,dollars per short ton,short tons
2024,TX,Texas,TOT,Total,19.61,12368824,dollars per short ton,short tons
2023,TX,Texas,TOT,Total,18.76,14099859,dollars per short ton,short tons
2022,TX,Texas,TOT,Total,22.01,16410464,dollars per short ton,short tons
2021,TX,Texas,TOT,Total,20.4,17611976,dollars per short ton,short tons
2020,TX,Texas,TOT,Total,17.98,20324387,dollars per short ton,short tons
2019,TX,Texas,TOT,Total,16.9,22607849,dollars per short ton,short tons
2018,TX,Texas,TOT,Total,19.03,25144623,dollars per short ton,short tons
2017,TX,Texas,TOT,Total,18.2,36142264,dollars per short ton,short tons
2016,TX,Texas,TOT,Total,19.17,39195729,dollars per short ton,short tons
2015,TX,Texas,TOT,Total,22.69,36580444,dollars per short ton,short tons
2014,TX,Texas,TOT,Total,18.2,44295713,dollars per short ton,short tons
2013,TX,Texas,TOT,Total,19.31,40210174,dollars per short ton,short tons
2012,TX,Texas,TOT,Total,19.09,40316656,dollars per short ton,short tons
2011,TX,Texas,TOT,Total,19.32,44417278,dollars per short ton,short tons
2010,TX,Texas,TOT,Total,w,41500664,dollars per short ton,short tons
2009,TX,Texas,TOT,Total,w,34362276,dollars per short ton,short tons
2008,TX,Texas,TOT,Total,w,38998245,dollars per short ton,short tons
2007,TX,Texas,TOT,Total,w,41492311,dollars per short ton,short tons
2006,TX,Texas,TOT,Total,w,44706537,dollars per short ton,short tons
2005,TX,Texas,TOT,Total,w,47393606,dollars per short ton,short tons
2004,TX,Texas,TOT,Total,13.87,46302591,dollars per short ton,short tons
2003,TX,Texas,TOT,Total,13.78,47573812,dollars per short ton,short tons
2002,TX,Texas,TOT,Total,w,45661984,dollars per short ton,short tons
2001,TX,Texas,TOT,Total,w,45028012,dollars per short ton,short tons
2024,UNT,Uinta Basin,TOT,Total,68.8,19224695,dollars per short ton,short tons
2023,UNT,Uinta Basin,TOT,Total,52.25,18719859,dollars per short ton,short tons
2022,UNT,Uinta Basin,TOT,Total,56.28,23066244,dollars per short ton,short tons
2021,UNT,Uinta Basin,TOT,Total,42,23490772,dollars per short ton,short tons
2020,UNT,Uinta Basin,TOT,Total,39.22,22435852,dollars per short ton,short tons
2019,UNT,Uinta Basin,TOT,Total,40.9,26069084,dollars per short ton,short tons
2018,UNT,Uinta Basin,TOT,Total,39.85,27009380,dollars per short ton,short tons
2017,UNT,Uinta Basin,TOT,Total,38.85,28017135,dollars per short ton,short tons
2016,UNT,Uinta Basin,TOT,Total,39.28,26542675,dollars per short ton,short tons
2015,UNT,Uinta Basin,TOT,Total,34.91,32242125,dollars per short ton,short tons
2014,UNT,Uinta Basin,TOT,Total,37.16,40619610,dollars per short ton,short tons
2013,UNT,Uinta Basin,TOT,Total,36.79,39252290,dollars per short ton,short tons
2012,UNT,Uinta Basin,TOT,Total,37.59,39859250,dollars per short ton,short tons
2011,UNT,Uinta Basin,TOT,Total,37.12,42313763,dollars per short ton,short tons
2010,UNT,Uinta Basin,TOT,Total,35.22,42995077,dollars per short ton,short tons
2009,UNT,Uinta Basin,TOT,Total,34.74,48127631,dollars per short ton,short tons
2008,UNT,Uinta Basin,TOT,Total,29.88,58489157,dollars per short ton,short tons
2007,UNT,Uinta Basin,TOT,Total,25.87,59219117,dollars per short ton,short tons
2006,UNT,Uinta Basin,TOT,Total,24.35,60000502,dollars per short ton,short tons
2005,UNT,Uinta Basin,TOT,Total,21.17,63107325,dollars per short ton,short tons
2004,UNT,Uinta Basin,TOT,Total,18.55,61152563,dollars per short ton,short tons
2003,UNT,Uinta Basin,TOT,Total,18.32,58887165,dollars per short ton,short tons
2002,UNT,Uinta Basin,TOT,Total,18.25,58519164,dollars per short ton,short tons
2001,UNT,Uinta Basin,TOT,Total,18.51,59203353,dollars per short ton,short tons
2024,US,U.S. Total,TOT,Total,52.47,512820643,dollars per short ton,short tons
2023,US,U.S. Total,TOT,Total,54.04,573690339,dollars per short ton,short tons
2022,US,U.S. Total,TOT,Total,54.46,592479286,dollars per short ton,short tons
2021,US,U.S. Total,TOT,Total,36.45,581835070,dollars per short ton,short tons
2020,US,U.S. Total,TOT,Total,31.41,538847414,dollars per short ton,short tons
2019,US,U.S. Total,TOT,Total,36.07,697172848,dollars per short ton,short tons
2018,US,U.S. Total,TOT,Total,35.99,758416673,dollars per short ton,short tons
2017,US,U.S. Total,TOT,Total,33.72,772998025,dollars per short ton,short tons
2016,US,U.S. Total,TOT,Total,30.57,736804037,dollars per short ton,short tons
2015,US,U.S. Total,TOT,Total,31.83,888610926,dollars per short ton,short tons
2014,US,U.S. Total,TOT,Total,34.83,988230237,dollars per short ton,short tons
2013,US,U.S. Total,TOT,Total,37.24,976718480,dollars per short ton,short tons
2012,US,U.S. Total,TOT,Total,35.4,923193238,dollars per short ton,short tons
2011,US,U.S. Total,TOT,Total,35.09,1021931959,dollars per short ton,short tons
2010,US,U.S. Total,TOT,Total,35.61,1082714183,dollars per short ton,short tons
2009,US,U.S. Total,TOT,Total,33.24,1061972822,dollars per short ton,short tons
2008,US,U.S. Total,TOT,Total,31.25,1169576184,dollars per short ton,short tons
2007,US,U.S. Total,TOT,Total,25.82,1146623460,dollars per short ton,short tons
2006,US,U.S. Total,TOT,Total,24.63,1154071420,dollars per short ton,short tons
2005,US,U.S. Total,TOT,Total,23.34,1132390259,dollars per short ton,short tons
2004,US,U.S. Total,TOT,Total,20.07,1109183735,dollars per short ton,short tons
2003,US,U.S. Total,TOT,Total,17.92,1074006187,dollars per short ton,short tons
2002,US,U.S. Total,TOT,Total,17.89,1089562248,dollars per short ton,short tons
2001,US,U.S. Total,TOT,Total,17.58,1121885339,dollars per short ton,short tons
2024,UT,Utah,TOT,Total,79.7,7249220,dollars per short ton,short tons
2023,UT,Utah,TOT,Total,45.01,6868867,dollars per short ton,short tons
2022,UT,Utah,TOT,Total,47.85,11295010,dollars per short ton,short tons
2021,UT,Utah,TOT,Total,38.41,12986214,dollars per short ton,short tons
2020,UT,Utah,TOT,Total,37.22,13202323,dollars per short ton,short tons
2019,UT,Utah,TOT,Total,37.95,14266789,dollars per short ton,short tons
2018,UT,Utah,TOT,Total,36.31,14443775,dollars per short ton,short tons
2017,UT,Utah,TOT,Total,35.28,14661642,dollars per short ton,short tons
2016,UT,Utah,TOT,Total,36.4,14321482,dollars per short ton,short tons
2015,UT,Utah,TOT,Total,34.53,14399860,dollars per short ton,short tons
2014,UT,Utah,TOT,Total,35.59,17824225,dollars per short ton,short tons
2013,UT,Utah,TOT,Total,35.52,17398856,dollars per short ton,short tons
2012,UT,Utah,TOT,Total,34.69,15949951,dollars per short ton,short tons
2011,UT,Utah,TOT,Total,w,18447399,dollars per short ton,short tons
2010,UT,Utah,TOT,Total,w,19011191,dollars per short ton,short tons
2009,UT,Utah,TOT,Total,w,21514702,dollars per short ton,short tons
2008,UT,Utah,TOT,Total,w,25833371,dollars per short ton,short tons
2007,UT,Utah,TOT,Total,w,24131977,dollars per short ton,short tons
2006,UT,Utah,TOT,Total,23.49,24751317,dollars per short ton,short tons
2005,UT,Utah,TOT,Total,19.95,24369884,dollars per short ton,short tons
2004,UT,Utah,TOT,Total,w,22615207,dollars per short ton,short tons
2003,UT,Utah,TOT,Total,w,23554745,dollars per short ton,short tons
2002,UT,Utah,TOT,Total,w,24390985,dollars per short ton,short tons
2001,UT,Utah,TOT,Total,19.18,26633384,dollars per short ton,short tons
2024,VA,Virginia,TOT,Total,137.66,9610929,dollars per short ton,short tons
2023,VA,Virginia,TOT,Total,171.62,10179653,dollars per short ton,short tons
2022,VA,Virginia,TOT,Total,211.57,10734703,dollars per short ton,short tons
2021,VA,Virginia,TOT,Total,120.5,10540995,dollars per short ton,short tons
2020,VA,Virginia,TOT,Total,72.76,9878278,dollars per short ton,short tons
2019,VA,Virginia,TOT,Total,98.06,11489253,dollars per short ton,short tons
2018,VA,Virginia,TOT,Total,103.77,12674561,dollars per short ton,short tons
2017,VA,Virginia,TOT,Total,92.84,13067204,dollars per short ton,short tons
2016,VA,Virginia,TOT,Total,60.96,12024732,dollars per short ton,short tons
2015,VA,Virginia,TOT,Total,63.04,13900868,dollars per short ton,short tons
2014,VA,Virginia,TOT,Total,78.44,15093671,dollars per short ton,short tons
2013,VA,Virginia,TOT,Total,93.4,17309266,dollars per short ton,short tons
2012,VA,Virginia,TOT,Total,107.17,9962881,dollars per short ton,short tons
2011,VA,Virginia,TOT,Total,w,11247554,dollars per short ton,short tons
2010,VA,Virginia,TOT,Total,98.46,22214674,dollars per short ton,short tons
2009,VA,Virginia,TOT,Total,77.09,20960127,dollars per short ton,short tons
2008,VA,Virginia,TOT,Total,84.57,23404931,dollars per short ton,short tons
2007,VA,Virginia,TOT,Total,55.36,25836932,dollars per short ton,short tons
2006,VA,Virginia,TOT,Total,54.38,29130156,dollars per short ton,short tons
2005,VA,Virginia,TOT,Total,49.43,27872729,dollars per short ton,short tons
2004,VA,Virginia,TOT,Total,39.45,30937027,dollars per short ton,short tons
2003,VA,Virginia,TOT,Total,30.59,31773083,dollars per short ton,short tons
2002,VA,Virginia,TOT,Total,w,29637257,dollars per short ton,short tons
2001,VA,Virginia,TOT,Total,w,32771001,dollars per short ton,short tons
2024,WBO,Other Western,TOT,Total,41.41,46803869,dollars per short ton,short tons
2023,WBO,Other Western,TOT,Total,49.17,47924163,dollars per short ton,short tons
2022,WBO,Other Western,TOT,Total,42.45,54633929,dollars per short ton,short tons
2021,WBO,Other Western,TOT,Total,31.44,54847055,dollars per short ton,short tons
2020,WBO,Other Western,TOT,Total,30.64,54688459,dollars per short ton,short tons
2019,WBO,Other Western,TOT,Total,35.34,63413822,dollars per short ton,short tons
2018,WBO,Other Western,TOT,Total,31.64,69214326,dollars per short ton,short tons
2017,WBO,Other Western,TOT,Total,30.18,70345086,dollars per short ton,short tons
2016,WBO,Other Western,TOT,Total,29.63,67217427,dollars per short ton,short tons
2015,WBO,Other Western,TOT,Total,30.52,76403491,dollars per short ton,short tons
2014,WBO,Other Western,TOT,Total,31.04,81076333,dollars per short ton,short tons
2013,WBO,Other Western,TOT,Total,30.32,82310208,dollars per short ton,short tons
2012,WBO,Other Western,TOT,Total,29.58,79772234,dollars per short ton,short tons
2011,WBO,Other Western,TOT,Total,28.31,80134456,dollars per short ton,short tons
2010,WBO,Other Western,TOT,Total,26.1,79784266,dollars per short ton,short tons
2009,WBO,Other Western,TOT,Total,24.45,80127003,dollars per short ton,short tons
2008,WBO,Other Western,TOT,Total,24.75,78647886,dollars per short ton,short tons
2007,WBO,Other Western,TOT,Total,21.36,79366152,dollars per short ton,short tons
2006,WBO,Other Western,TOT,Total,20.35,84361455,dollars per short ton,short tons
2005,WBO,Other Western,TOT,Total,19.58,91092609,dollars per short ton,short tons
2004,WBO,Other Western,TOT,Total,18.88,92949061,dollars per short ton,short tons
2003,WBO,Other Western,TOT,Total,17.85,91191922,dollars per short ton,short tons
2002,WBO,Other Western,TOT,Total,17.47,93647153,dollars per short ton,short tons
2001,WBO,Other Western,TOT,Total,17.23,94342912,dollars per short ton,short tons
2024,WMR,West of Mississippi River,TOT,Total,23.15,283743353,dollars per short ton,short tons
2023,WMR,West of Mississippi River,TOT,Total,21.96,333183967,dollars per short ton,short tons
2022,WMR,West of Mississippi River,TOT,Total,21.85,352927810,dollars per short ton,short tons
2021,WMR,West of Mississippi River,TOT,Total,17.51,348682546,dollars per short ton,short tons
2020,WMR,West of Mississippi River,TOT,Total,17.94,328559445,dollars per short ton,short tons
2019,WMR,West of Mississippi River,TOT,Total,18.02,408164565,dollars per short ton,short tons
2018,WMR,West of Mississippi River,TOT,Total,17.32,448006226,dollars per short ton,short tons
2017,WMR,West of Mississippi River,TOT,Total,17.45,471846237,dollars per short ton,short tons
2016,WMR,West of Mississippi River,TOT,Total,17.83,450735311,dollars per short ton,short tons
2015,WMR,West of Mississippi River,TOT,Total,17.87,548928600,dollars per short ton,short tons
2014,WMR,West of Mississippi River,TOT,Total,18.06,588458613,dollars per short ton,short tons
2013,WMR,West of Mississippi River,TOT,Total,18.09,573759181,dollars per short ton,short tons
2012,WMR,West of Mississippi River,TOT,Total,18.21,583578323,dollars per short ton,short tons
2011,WMR,West of Mississippi River,TOT,Total,17.31,634154856,dollars per short ton,short tons
2010,WMR,West of Mississippi River,TOT,Total,16.34,637509582,dollars per short ton,short tons
2009,WMR,West of Mississippi River,TOT,Total,15.94,622120121,dollars per short ton,short tons
2008,WMR,West of Mississippi River,TOT,Total,14.87,676576022,dollars per short ton,short tons
2007,WMR,West of Mississippi River,TOT,Total,13.37,664345087,dollars per short ton,short tons
2006,WMR,West of Mississippi River,TOT,Total,12.33,668558790,dollars per short ton,short tons
2005,WMR,West of Mississippi River,TOT,Total,11.4,638379851,dollars per short ton,short tons
2004,WMR,West of Mississippi River,TOT,Total,10.66,627978799,dollars per short ton,short tons
2003,WMR,West of Mississippi River,TOT,Total,10.27,604221408,dollars per short ton,short tons
2002,WMR,West of Mississippi River,TOT,Total,10.06,599926037,dollars per short ton,short tons
2001,WMR,West of Mississippi River,TOT,Total,9.73,597193064,dollars per short ton,short tons
2024,WNC,West North Central,TOT,Total,23.95,25288033,dollars per short ton,short tons
2023,WNC,West North Central,TOT,Total,23.58,24167631,dollars per short ton,short tons
2022,WNC,West North Central,TOT,Total,20.73,26718503,dollars per short ton,short tons
2021,WNC,West North Central,TOT,Total,19.05,26845955,dollars per short ton,short tons
2020,WNC,West North Central,TOT,Total,19.68,26565481,dollars per short ton,short tons
2019,WNC,West North Central,TOT,Total,19.17,27342241,dollars per short ton,short tons
2018,WNC,West North Central,TOT,Total,17.77,29952208,dollars per short ton,short tons
2017,WNC,West North Central,TOT,Total,18.12,29346001,dollars per short ton,short tons
2016,WNC,West North Central,TOT,Total,18.28,27849562,dollars per short ton,short tons
2015,WNC,West North Central,TOT,Total,18.11,29210613,dollars per short ton,short tons
2014,WNC,West North Central,TOT,Total,18.47,29076527,dollars per short ton,short tons
2013,WNC,West North Central,TOT,Total,18.43,28094078,dollars per short ton,short tons
2012,WNC,West North Central,TOT,Total,17.91,28220550,dollars per short ton,short tons
2011,WNC,West North Central,TOT,Total,16.32,28679116,dollars per short ton,short tons
2010,WNC,West North Central,TOT,Total,15.29,29485180,dollars per short ton,short tons
2009,WNC,West North Central,TOT,Total,13.57,30570594,dollars per short ton,short tons
2008,WNC,West North Central,TOT,Total,13.33,30257310,dollars per short ton,short tons
2007,WNC,West North Central,TOT,Total,11.96,30270464,dollars per short ton,short tons
2006,WNC,West North Central,TOT,Total,11.15,31205512,dollars per short ton,short tons
2005,WNC,West North Central,TOT,Total,10.64,30835898,dollars per short ton,short tons
2004,WNC,West North Central,TOT,Total,9.79,30635861,dollars per short ton,short tons
2003,WNC,West North Central,TOT,Total,9.09,31806093,dollars per short ton,short tons
2002,WNC,West North Central,TOT,Total,8.72,31456093,dollars per short ton,short tons
2001,WNC,West North Central,TOT,Total,8.8,31040379,dollars per short ton,short tons
