COAL Market Sales Price.csv
period,stateRegionId,stateRegionDescription,marketTypeId,marketTypeDescription,price,sales,price-units,sales-units
2024,WSB,Western Region Total,TOT,Total,23.27,270960623,dollars per short ton,short tons
2023,WSB,Western Region Total,TOT,Total,22.08,318664504,dollars per short ton,short tons
2022,WSB,Western Region Total,TOT,Total,21.82,336113035,dollars per short ton,short tons
2021,WSB,Western Region Total,TOT,Total,17.34,330733880,dollars per short ton,short tons
2020,WSB,Western Region Total,TOT,Total,17.38,307379566,dollars per short ton,short tons
2019,WSB,Western Region Total,TOT,Total,17.81,383763321,dollars per short ton,short tons
2018,WSB,Western Region Total,TOT,Total,16.91,420640719,dollars per short ton,short tons
2017,WSB,Western Region Total,TOT,Total,17.1,432725338,dollars per short ton,short tons
2016,WSB,Western Region Total,TOT,Total,17.41,407667479,dollars per short ton,short tons
2015,WSB,Western Region Total,TOT,Total,17.21,507398674,dollars per short ton,short tons
2014,WSB,Western Region Total,TOT,Total,17.82,540108177,dollars per short ton,short tons
2013,WSB,Western Region Total,TOT,Total,17.74,529113417,dollars per short ton,short tons
2012,WSB,Western Region Total,TOT,Total,17.89,537366586,dollars per short ton,short tons
2011,WSB,Western Region Total,TOT,Total,16.92,584165421,dollars per short ton,short tons
2010,WSB,Western Region Total,TOT,Total,15.86,591090981,dollars per short ton,short tons
2009,WSB,Western Region Total,TOT,Total,15.61,582476148,dollars per short ton,short tons
2008,WSB,Western Region Total,TOT,Total,14.49,631673096,dollars per short ton,short tons
2007,WSB,Western Region Total,TOT,Total,13.02,617354389,dollars per short ton,short tons
2006,WSB,Western Region Total,TOT,Total,11.98,616881369,dollars per short ton,short tons
2005,WSB,Western Region Total,TOT,Total,11,584223821,dollars per short ton,short tons
2004,WSB,Western Region Total,TOT,Total,10.26,575416161,dollars per short ton,short tons
2003,WSB,Western Region Total,TOT,Total,9.84,550306428,dollars per short ton,short tons
2002,WSB,Western Region Total,TOT,Total,9.55,548652565,dollars per short ton,short tons
2001,WSB,Western Region Total,TOT,Total,9.07,546394906,dollars per short ton,short tons
2024,WSC,West South Central,TOT,Total,19.93,12635416,dollars per short ton,short tons
2023,WSC,West South Central,TOT,Total,19.05,14379764,dollars per short ton,short tons
2022,WSC,West South Central,TOT,Total,22.18,16741244,dollars per short ton,short tons
2021,WSC,West South Central,TOT,Total,20.49,17904503,dollars per short ton,short tons
2020,WSC,West South Central,TOT,Total,25.82,21021140,dollars per short ton,short tons
2019,WSC,West South Central,TOT,Total,21.22,24211971,dollars per short ton,short tons
2018,WSC,West South Central,TOT,Total,23.37,27106605,dollars per short ton,short tons
2017,WSC,West South Central,TOT,Total,21.18,38876554,dollars per short ton,short tons
2016,WSC,West South Central,TOT,Total,21.61,42807367,dollars per short ton,short tons
2015,WSC,West South Central,TOT,Total,25.77,41192521,dollars per short ton,short tons
2014,WSC,West South Central,TOT,Total,20.48,47938025,dollars per short ton,short tons
2013,WSC,West South Central,TOT,Total,21.99,44232165,dollars per short ton,short tons
2012,WSC,West South Central,TOT,Total,21.72,45790125,dollars per short ton,short tons
2011,WSC,West South Central,TOT,Total,21.63,49484509,dollars per short ton,short tons
2010,WSC,West South Central,TOT,Total,22.09,45827446,dollars per short ton,short tons
2009,WSC,West South Central,TOT,Total,20.84,39006706,dollars per short ton,short tons
2008,WSC,West South Central,TOT,Total,19.99,44426632,dollars per short ton,short tons
2007,WSC,West South Central,TOT,Total,17.85,46334156,dollars per short ton,short tons
2006,WSC,West South Central,TOT,Total,16.19,50842479,dollars per short ton,short tons
2005,WSC,West South Central,TOT,Total,15.42,53389753,dollars per short ton,short tons
2004,WSC,West South Central,TOT,Total,14.8,51912241,dollars per short ton,short tons
2003,WSC,West South Central,TOT,Total,14.56,53227885,dollars per short ton,short tons
2002,WSC,West South Central,TOT,Total,15.39,50820522,dollars per short ton,short tons
2001,WSC,West South Central,TOT,Total,16.76,50256055,dollars per short ton,short tons
2024,WST,West Total,TOT,Total,23.23,245819904,dollars per short ton,short tons
2023,WST,West Total,TOT,Total,21.97,294636572,dollars per short ton,short tons
2022,WST,West Total,TOT,Total,21.93,309468063,dollars per short ton,short tons
2021,WST,West Total,TOT,Total,17.2,303932088,dollars per short ton,short tons
2020,WST,West Total,TOT,Total,17.19,280972824,dollars per short ton,short tons
2019,WST,West Total,TOT,Total,17.72,356610353,dollars per short ton,short tons
2018,WST,West Total,TOT,Total,16.87,390947413,dollars per short ton,short tons
2017,WST,West Total,TOT,Total,17.05,403623682,dollars per short ton,short tons
2016,WST,West Total,TOT,Total,17.37,380078382,dollars per short ton,short tons
2015,WST,West Total,TOT,Total,17.18,478525466,dollars per short ton,short tons
2014,WST,West Total,TOT,Total,17.81,511444061,dollars per short ton,short tons
2013,WST,West Total,TOT,Total,17.73,501432938,dollars per short ton,short tons
2012,WST,West Total,TOT,Total,17.91,509567648,dollars per short ton,short tons
2011,WST,West Total,TOT,Total,16.98,555991231,dollars per short ton,short tons
2010,WST,West Total,TOT,Total,15.93,562196956,dollars per short ton,short tons
2009,WST,West Total,TOT,Total,15.72,552542821,dollars per short ton,short tons
2008,WST,West Total,TOT,Total,14.56,601892080,dollars per short ton,short tons
2007,WST,West Total,TOT,Total,13.09,587740467,dollars per short ton,short tons
2006,WST,West Total,TOT,Total,12.06,586510799,dollars per short ton,short tons
2005,WST,West Total,TOT,Total,11.05,554154200,dollars per short ton,short tons
2004,WST,West Total,TOT,Total,10.31,545430697,dollars per short ton,short tons
2003,WST,West Total,TOT,Total,9.91,519187430,dollars per short ton,short tons
2002,WST,West Total,TOT,Total,9.62,517649422,dollars per short ton,short tons
2001,WST,West Total,TOT,Total,9.1,515896630,dollars per short ton,short tons
2024,WV,West Virginia,TOT,Total,101.22,80260489,dollars per short ton,short tons
2023,WV,West Virginia,TOT,Total,120.08,82246166,dollars per short ton,short tons
2022,WV,West Virginia,TOT,Total,127.52,82692478,dollars per short ton,short tons
2021,WV,West Virginia,TOT,Total,77.12,79230986,dollars per short ton,short tons
2020,WV,West Virginia,TOT,Total,60.8,67518075,dollars per short ton,short tons
2019,WV,West Virginia,TOT,Total,72.7,90831546,dollars per short ton,short tons
2018,WV,West Virginia,TOT,Total,72.51,96000416,dollars per short ton,short tons
2017,WV,West Virginia,TOT,Total,67.75,91409749,dollars per short ton,short tons
2016,WV,West Virginia,TOT,Total,56.2,81807183,dollars per short ton,short tons
2015,WV,West Virginia,TOT,Total,60.31,88467981,dollars per short ton,short tons
2014,WV,West Virginia,TOT,Total,65.67,111028211,dollars per short ton,short tons
2013,WV,West Virginia,TOT,Total,75.56,112359990,dollars per short ton,short tons
2012,WV,West Virginia,TOT,Total,76.1,92241289,dollars per short ton,short tons
2011,WV,West Virginia,TOT,Total,w,105189072,dollars per short ton,short tons
2010,WV,West Virginia,TOT,Total,70.07,135329512,dollars per short ton,short tons
2009,WV,West Virginia,TOT,Total,63.83,134079540,dollars per short ton,short tons
2008,WV,West Virginia,TOT,Total,60.16,158722862,dollars per short ton,short tons
2007,WV,West Virginia,TOT,Total,48.12,153166315,dollars per short ton,short tons
2006,WV,West Virginia,TOT,Total,46.69,153297073,dollars per short ton,short tons
2005,WV,West Virginia,TOT,Total,42.71,154040181,dollars per short ton,short tons
2004,WV,West Virginia,TOT,Total,35.63,147287117,dollars per short ton,short tons
2003,WV,West Virginia,TOT,Total,30.04,140077389,dollars per short ton,short tons
2002,WV,West Virginia,TOT,Total,29.76,148700566,dollars per short ton,short tons
2001,WV,West Virginia,TOT,Total,27.14,161551026,dollars per short ton,short tons
2024,WVN,West Virginia (Northern),TOT,Total,74.46,41121742,dollars per short ton,short tons
2023,WVN,West Virginia (Northern),TOT,Total,88.86,43782899,dollars per short ton,short tons
2022,WVN,West Virginia (Northern),TOT,Total,85.21,46885924,dollars per short ton,short tons
2021,WVN,West Virginia (Northern),TOT,Total,59.49,45072339,dollars per short ton,short tons
2020,WVN,West Virginia (Northern),TOT,Total,48.19,37387388,dollars per short ton,short tons
2019,WVN,West Virginia (Northern),TOT,Total,55.03,46370027,dollars per short ton,short tons
2018,WVN,West Virginia (Northern),TOT,Total,58.21,46466863,dollars per short ton,short tons
2017,WVN,West Virginia (Northern),TOT,Total,54.35,46768100,dollars per short ton,short tons
2016,WVN,West Virginia (Northern),TOT,Total,52.35,44169047,dollars per short ton,short tons
2015,WVN,West Virginia (Northern),TOT,Total,54.82,45118657,dollars per short ton,short tons
2014,WVN,West Virginia (Northern),TOT,Total,59.31,48148389,dollars per short ton,short tons
2013,WVN,West Virginia (Northern),TOT,Total,59.68,42368760,dollars per short ton,short tons
2012,WVN,West Virginia (Northern),TOT,Total,60.32,35922426,dollars per short ton,short tons
2011,WVN,West Virginia (Northern),TOT,Total,w,35996419,dollars per short ton,short tons
2010,WVN,West Virginia (Northern),TOT,Total,w,41954479,dollars per short ton,short tons
2009,WVN,West Virginia (Northern),TOT,Total,w,37504211,dollars per short ton,short tons
2008,WVN,West Virginia (Northern),TOT,Total,w,40991690,dollars per short ton,short tons
2007,WVN,West Virginia (Northern),TOT,Total,w,42541394,dollars per short ton,short tons
2006,WVN,West Virginia (Northern),TOT,Total,w,41948470,dollars per short ton,short tons
2005,WVN,West Virginia (Northern),TOT,Total,w,42581591,dollars per short ton,short tons
2004,WVN,West Virginia (Northern),TOT,Total,w,40123695,dollars per short ton,short tons
2003,WVN,West Virginia (Northern),TOT,Total,w,34580013,dollars per short ton,short tons
2002,WVN,West Virginia (Northern),TOT,Total,w,34084361,dollars per short ton,short tons
2001,WVN,West Virginia (Northern),TOT,Total,w,38231608,dollars per short ton,short tons
2024,WVS,West Virginia (Southern),TOT,Total,129.33,39138747,dollars per short ton,short tons
2023,WVS,West Virginia (Southern),TOT,Total,155.61,38463267,dollars per short ton,short tons
2022,WVS,West Virginia (Southern),TOT,Total,182.92,35806554,dollars per short ton,short tons
2021,WVS,West Virginia (Southern),TOT,Total,100.39,34158647,dollars per short ton,short tons
2020,WVS,West Virginia (Southern),TOT,Total,76.43,30130687,dollars per short ton,short tons
2019,WVS,West Virginia (Southern),TOT,Total,91.13,44461519,dollars per short ton,short tons
2018,WVS,West Virginia (Southern),TOT,Total,85.91,49533553,dollars per short ton,short tons
2017,WVS,West Virginia (Southern),TOT,Total,81.78,44641649,dollars per short ton,short tons
2016,WVS,West Virginia (Southern),TOT,Total,60.71,37638136,dollars per short ton,short tons
2015,WVS,West Virginia (Southern),TOT,Total,66.02,43349324,dollars per short ton,short tons
2014,WVS,West Virginia (Southern),TOT,Total,70.54,62879822,dollars per short ton,short tons
2013,WVS,West Virginia (Southern),TOT,Total,85.18,69991230,dollars per short ton,short tons
2012,WVS,West Virginia (Southern),TOT,Total,86.17,56318863,dollars per short ton,short tons
2011,WVS,West Virginia (Southern),TOT,Total,w,69192653,dollars per short ton,short tons
2010,WVS,West Virginia (Southern),TOT,Total,w,93375033,dollars per short ton,short tons
2009,WVS,West Virginia (Southern),TOT,Total,w,96575329,dollars per short ton,short tons
2008,WVS,West Virginia (Southern),TOT,Total,w,117731172,dollars per short ton,short tons
2007,WVS,West Virginia (Southern),TOT,Total,w,110624921,dollars per short ton,short tons
2006,WVS,West Virginia (Southern),TOT,Total,w,111348603,dollars per short ton,short tons
2005,WVS,West Virginia (Southern),TOT,Total,w,111458590,dollars per short ton,short tons
2004,WVS,West Virginia (Southern),TOT,Total,w,107163422,dollars per short ton,short tons
2003,WVS,West Virginia (Southern),TOT,Total,w,105497376,dollars per short ton,short tons
2002,WVS,West Virginia (Southern),TOT,Total,w,114616205,dollars per short ton,short tons
2001,WVS,West Virginia (Southern),TOT,Total,w,123319418,dollars per short ton,short tons
2024,WY,Wyoming,TOT,Total,15.23,190601882,dollars per short ton,short tons
2023,WY,Wyoming,TOT,Total,15.24,237249695,dollars per short ton,short tons
2022,WY,Wyoming,TOT,Total,14.84,245188677,dollars per short ton,short tons
2021,WY,Wyoming,TOT,Total,12.76,239425679,dollars per short ton,short tons
2020,WY,Wyoming,TOT,Total,13.04,218632315,dollars per short ton,short tons
2019,WY,Wyoming,TOT,Total,12.63,276746041,dollars per short ton,short tons
2018,WY,Wyoming,TOT,Total,12.68,304507979,dollars per short ton,short tons
2017,WY,Wyoming,TOT,Total,13.3,316696813,dollars per short ton,short tons
2016,WY,Wyoming,TOT,Total,13.74,297998604,dollars per short ton,short tons
2015,WY,Wyoming,TOT,Total,13.92,375786373,dollars per short ton,short tons
2014,WY,Wyoming,TOT,Total,14.05,395376778,dollars per short ton,short tons
2013,WY,Wyoming,TOT,Total,14.02,388141614,dollars per short ton,short tons
2012,WY,Wyoming,TOT,Total,14.24,400025359,dollars per short ton,short tons
2011,WY,Wyoming,TOT,Total,13.56,437423522,dollars per short ton,short tons
2010,WY,Wyoming,TOT,Total,12.75,442060699,dollars per short ton,short tons
2009,WY,Wyoming,TOT,Total,12.41,429993568,dollars per short ton,short tons
2008,WY,Wyoming,TOT,Total,11.39,465365260,dollars per short ton,short tons
2007,WY,Wyoming,TOT,Total,10.33,451236508,dollars per short ton,short tons
2006,WY,Wyoming,TOT,Total,9.21,445094760,dollars per short ton,short tons
2005,WY,Wyoming,TOT,Total,7.93,404123812,dollars per short ton,short tons
2004,WY,Wyoming,TOT,Total,7.35,395749741,dollars per short ton,short tons
2003,WY,Wyoming,TOT,Total,6.99,376769828,dollars per short ton,short tons
2002,WY,Wyoming,TOT,Total,6.51,373033921,dollars per short ton,short tons
2001,WY,Wyoming,TOT,Total,5.8,368699433,dollars per short ton,short tons
2020,TN,Tennessee,TOT,Total,61.43,102904,dollars per short ton,short tons
2019,TN,Tennessee,TOT,Total,66.42,425307,dollars per short ton,short tons
2018,TN,Tennessee,TOT,Total,90.97,205396,dollars per short ton,short tons
2017,TN,Tennessee,TOT,Total,65.96,404937,dollars per short ton,short tons
2016,TN,Tennessee,TOT,Total,60.37,606363,dollars per short ton,short tons
2015,TN,Tennessee,TOT,Total,66.18,904993,dollars per short ton,short tons
2014,TN,Tennessee,TOT,Total,67.96,836056,dollars per short ton,short tons
2013,TN,Tennessee,TOT,Total,73.29,1025752,dollars per short ton,short tons
2012,TN,Tennessee,TOT,Total,73.51,1048134,dollars per short ton,short tons
2011,TN,Tennessee,TOT,Total,w,1527457,dollars per short ton,short tons
2010,TN,Tennessee,TOT,Total,w,1739922,dollars per short ton,short tons
2009,TN,Tennessee,TOT,Total,w,2067007,dollars per short ton,short tons
2008,TN,Tennessee,TOT,Total,48.94,2904965,dollars per short ton,short tons
2007,TN,Tennessee,TOT,Total,42.53,2620928,dollars per short ton,short tons
2006,TN,Tennessee,TOT,Total,41.37,2800323,dollars per short ton,short tons
2005,TN,Tennessee,TOT,Total,42.5,3145954,dollars per short ton,short tons
2004,TN,Tennessee,TOT,Total,w,2797863,dollars per short ton,short tons
2003,TN,Tennessee,TOT,Total,29.09,2525432,dollars per short ton,short tons
2002,TN,Tennessee,TOT,Total,29.56,3236822,dollars per short ton,short tons
2001,TN,Tennessee,TOT,Total,w,3340756,dollars per short ton,short tons
2019,AZ,Arizona,TOT,Total,96.38,4025186,dollars per short ton,short tons
2018,AZ,Arizona,TOT,Total,45.37,6632620,dollars per short ton,short tons
2017,AZ,Arizona,TOT,Total,43.39,6242182,dollars per short ton,short tons
2016,AZ,Arizona,TOT,Total,43.13,5755860,dollars per short ton,short tons
2015,AZ,Arizona,TOT,Total,43.06,6573524,dollars per short ton,short tons
2014,AZ,Arizona,TOT,Total,42.9,8182097,dollars per short ton,short tons
2013,AZ,Arizona,TOT,Total,44.03,7903288,dollars per short ton,short tons
2012,AZ,Arizona,TOT,Total,43.19,7449226,dollars per short ton,short tons
2011,AZ,Arizona,TOT,Total,w,w,dollars per short ton,short tons
2010,AZ,Arizona,TOT,Total,w,w,dollars per short ton,short tons
2009,AZ,Arizona,TOT,Total,w,w,dollars per short ton,short tons
2008,AZ,Arizona,TOT,Total,w,w,dollars per short ton,short tons
2007,AZ,Arizona,TOT,Total,w,w,dollars per short ton,short tons
2006,AZ,Arizona,TOT,Total,w,w,dollars per short ton,short tons
2005,AZ,Arizona,TOT,Total,w,w,dollars per short ton,short tons
2004,AZ,Arizona,TOT,Total,w,w,dollars per short ton,short tons
2003,AZ,Arizona,TOT,Total,w,w,dollars per short ton,short tons
2002,AZ,Arizona,TOT,Total,w,w,dollars per short ton,short tons
2001,AZ,Arizona,TOT,Total,w,w,dollars per short ton,short tons
