COAL Market Sales Price.csv
period,stateRegionId,stateRegionDescription,marketTypeId,marketTypeDescription,price,sales,price-units,sales-units
2019,OK,Oklahoma,TOT,Total,67.2,226712,dollars per short ton,short tons
2018,OK,Oklahoma,TOT,Total,49.88,639253,dollars per short ton,short tons
2017,OK,Oklahoma,TOT,Total,52.78,632251,dollars per short ton,short tons
2016,OK,Oklahoma,TOT,Total,53.18,668406,dollars per short ton,short tons
2015,OK,Oklahoma,TOT,Total,43.46,772220,dollars per short ton,short tons
2014,OK,Oklahoma,TOT,Total,44.98,924111,dollars per short ton,short tons
2013,OK,Oklahoma,TOT,Total,58.74,1166511,dollars per short ton,short tons
2012,OK,Oklahoma,TOT,Total,59.63,1070566,dollars per short ton,short tons
2011,OK,Oklahoma,TOT,Total,70.39,1082073,dollars per short ton,short tons
2010,OK,Oklahoma,TOT,Total,w,995870,dollars per short ton,short tons
2009,OK,Oklahoma,TOT,Total,56.45,971214,dollars per short ton,short tons
2008,OK,Oklahoma,TOT,Total,47.72,1461954,dollars per short ton,short tons
2007,OK,Oklahoma,TOT,Total,w,1659503,dollars per short ton,short tons
2006,OK,Oklahoma,TOT,Total,w,2035783,dollars per short ton,short tons
2005,OK,Oklahoma,TOT,Total,28.24,1848600,dollars per short ton,short tons
2004,OK,Oklahoma,TOT,Total,28.36,1789484,dollars per short ton,short tons
2003,OK,Oklahoma,TOT,Total,28.32,1626092,dollars per short ton,short tons
2002,OK,Oklahoma,TOT,Total,w,1392743,dollars per short ton,short tons
2001,OK,Oklahoma,TOT,Total,w,1693609,dollars per short ton,short tons
